../Core/Src/stm32f1xx_it.c:101:6:NMI_Handler	4	static
../Core/Src/stm32f1xx_it.c:116:6:HardFault_Handler	4	static
../Core/Src/stm32f1xx_it.c:131:6:MemManage_Handler	4	static
../Core/Src/stm32f1xx_it.c:146:6:BusFault_Handler	4	static
../Core/Src/stm32f1xx_it.c:161:6:UsageFault_Handler	4	static
../Core/Src/stm32f1xx_it.c:176:6:SVC_Handler	4	static
../Core/Src/stm32f1xx_it.c:189:6:DebugMon_Handler	4	static
../Core/Src/stm32f1xx_it.c:202:6:PendSV_Handler	4	static
../Core/Src/stm32f1xx_it.c:215:6:SysTick_Handler	8	static
../Core/Src/stm32f1xx_it.c:236:6:EXTI0_IRQHandler	8	static
../Core/Src/stm32f1xx_it.c:259:6:EXTI1_IRQHandler	8	static
../Core/Src/stm32f1xx_it.c:273:6:EXTI2_IRQHandler	8	static
../Core/Src/stm32f1xx_it.c:294:6:EXTI3_IRQHandler	8	static
../Core/Src/stm32f1xx_it.c:308:6:EXTI4_IRQHandler	8	static
../Core/Src/stm32f1xx_it.c:329:6:DMA1_Channel4_IRQHandler	8	static
../Core/Src/stm32f1xx_it.c:343:6:DMA1_Channel5_IRQHandler	8	static
../Core/Src/stm32f1xx_it.c:357:6:EXTI9_5_IRQHandler	8	static
../Core/Src/stm32f1xx_it.c:371:6:TIM1_BRK_IRQHandler	8	static
../Core/Src/stm32f1xx_it.c:384:6:TIM4_IRQHandler	40	static
