Archive member included to satisfy reference by file (symbol)

c:/st/stm32cubeide_1.11.0/stm32cubeide/plugins/com.st.stm32cube.ide.mcu.externaltools.gnu-tools-for-stm32.10.3-2021.10.win32_1.0.100.202210260954/tools/bin/../lib/gcc/arm-none-eabi/10.3.1/../../../../arm-none-eabi/lib/thumb/v7e-m+fp/hard\libc_nano.a(lib_a-errno.o)
                              ./Core/Src/syscalls.o (__errno)
c:/st/stm32cubeide_1.11.0/stm32cubeide/plugins/com.st.stm32cube.ide.mcu.externaltools.gnu-tools-for-stm32.10.3-2021.10.win32_1.0.100.202210260954/tools/bin/../lib/gcc/arm-none-eabi/10.3.1/../../../../arm-none-eabi/lib/thumb/v7e-m+fp/hard\libc_nano.a(lib_a-exit.o)
                              c:/st/stm32cubeide_1.11.0/stm32cubeide/plugins/com.st.stm32cube.ide.mcu.externaltools.gnu-tools-for-stm32.10.3-2021.10.win32_1.0.100.202210260954/tools/bin/../lib/gcc/arm-none-eabi/10.3.1/../../../../arm-none-eabi/lib/thumb/v7e-m+fp/hard/crt0.o (exit)
c:/st/stm32cubeide_1.11.0/stm32cubeide/plugins/com.st.stm32cube.ide.mcu.externaltools.gnu-tools-for-stm32.10.3-2021.10.win32_1.0.100.202210260954/tools/bin/../lib/gcc/arm-none-eabi/10.3.1/../../../../arm-none-eabi/lib/thumb/v7e-m+fp/hard\libc_nano.a(lib_a-impure.o)
                              c:/st/stm32cubeide_1.11.0/stm32cubeide/plugins/com.st.stm32cube.ide.mcu.externaltools.gnu-tools-for-stm32.10.3-2021.10.win32_1.0.100.202210260954/tools/bin/../lib/gcc/arm-none-eabi/10.3.1/../../../../arm-none-eabi/lib/thumb/v7e-m+fp/hard\libc_nano.a(lib_a-exit.o) (_global_impure_ptr)
c:/st/stm32cubeide_1.11.0/stm32cubeide/plugins/com.st.stm32cube.ide.mcu.externaltools.gnu-tools-for-stm32.10.3-2021.10.win32_1.0.100.202210260954/tools/bin/../lib/gcc/arm-none-eabi/10.3.1/../../../../arm-none-eabi/lib/thumb/v7e-m+fp/hard\libc_nano.a(lib_a-init.o)
                              c:/st/stm32cubeide_1.11.0/stm32cubeide/plugins/com.st.stm32cube.ide.mcu.externaltools.gnu-tools-for-stm32.10.3-2021.10.win32_1.0.100.202210260954/tools/bin/../lib/gcc/arm-none-eabi/10.3.1/../../../../arm-none-eabi/lib/thumb/v7e-m+fp/hard/crt0.o (__libc_init_array)
c:/st/stm32cubeide_1.11.0/stm32cubeide/plugins/com.st.stm32cube.ide.mcu.externaltools.gnu-tools-for-stm32.10.3-2021.10.win32_1.0.100.202210260954/tools/bin/../lib/gcc/arm-none-eabi/10.3.1/../../../../arm-none-eabi/lib/thumb/v7e-m+fp/hard\libc_nano.a(lib_a-memset.o)
                              c:/st/stm32cubeide_1.11.0/stm32cubeide/plugins/com.st.stm32cube.ide.mcu.externaltools.gnu-tools-for-stm32.10.3-2021.10.win32_1.0.100.202210260954/tools/bin/../lib/gcc/arm-none-eabi/10.3.1/../../../../arm-none-eabi/lib/thumb/v7e-m+fp/hard/crt0.o (memset)
c:/st/stm32cubeide_1.11.0/stm32cubeide/plugins/com.st.stm32cube.ide.mcu.externaltools.gnu-tools-for-stm32.10.3-2021.10.win32_1.0.100.202210260954/tools/bin/../lib/gcc/arm-none-eabi/10.3.1/../../../../arm-none-eabi/lib/thumb/v7e-m+fp/hard\libc_nano.a(lib_a-strcmp.o)
                              ./Core/Src/main.o (strcmp)
c:/st/stm32cubeide_1.11.0/stm32cubeide/plugins/com.st.stm32cube.ide.mcu.externaltools.gnu-tools-for-stm32.10.3-2021.10.win32_1.0.100.202210260954/tools/bin/../lib/gcc/arm-none-eabi/10.3.1/thumb/v7e-m+fp/hard\libgcc.a(_aeabi_uldivmod.o)
                              ./Drivers/STM32F4xx_HAL_Driver/Src/stm32f4xx_hal_rcc.o (__aeabi_uldivmod)
c:/st/stm32cubeide_1.11.0/stm32cubeide/plugins/com.st.stm32cube.ide.mcu.externaltools.gnu-tools-for-stm32.10.3-2021.10.win32_1.0.100.202210260954/tools/bin/../lib/gcc/arm-none-eabi/10.3.1/thumb/v7e-m+fp/hard\libgcc.a(_udivmoddi4.o)
                              c:/st/stm32cubeide_1.11.0/stm32cubeide/plugins/com.st.stm32cube.ide.mcu.externaltools.gnu-tools-for-stm32.10.3-2021.10.win32_1.0.100.202210260954/tools/bin/../lib/gcc/arm-none-eabi/10.3.1/thumb/v7e-m+fp/hard\libgcc.a(_aeabi_uldivmod.o) (__udivmoddi4)
c:/st/stm32cubeide_1.11.0/stm32cubeide/plugins/com.st.stm32cube.ide.mcu.externaltools.gnu-tools-for-stm32.10.3-2021.10.win32_1.0.100.202210260954/tools/bin/../lib/gcc/arm-none-eabi/10.3.1/thumb/v7e-m+fp/hard\libgcc.a(_dvmd_tls.o)
                              c:/st/stm32cubeide_1.11.0/stm32cubeide/plugins/com.st.stm32cube.ide.mcu.externaltools.gnu-tools-for-stm32.10.3-2021.10.win32_1.0.100.202210260954/tools/bin/../lib/gcc/arm-none-eabi/10.3.1/thumb/v7e-m+fp/hard\libgcc.a(_aeabi_uldivmod.o) (__aeabi_ldiv0)

Discarded input sections

 .text          0x0000000000000000        0x0 c:/st/stm32cubeide_1.11.0/stm32cubeide/plugins/com.st.stm32cube.ide.mcu.externaltools.gnu-tools-for-stm32.10.3-2021.10.win32_1.0.100.202210260954/tools/bin/../lib/gcc/arm-none-eabi/10.3.1/thumb/v7e-m+fp/hard/crti.o
 .data          0x0000000000000000        0x0 c:/st/stm32cubeide_1.11.0/stm32cubeide/plugins/com.st.stm32cube.ide.mcu.externaltools.gnu-tools-for-stm32.10.3-2021.10.win32_1.0.100.202210260954/tools/bin/../lib/gcc/arm-none-eabi/10.3.1/thumb/v7e-m+fp/hard/crti.o
[...]
Memory Configuration

Name             Origin             Length             Attributes
RAM              0x0000000020000000 0x0000000000010000 xrw
FLASH            0x0000000008000000 0x0000000000040000 xr
*default*        0x0000000000000000 0xffffffffffffffff

Linker script and memory map

LOAD c:/st/stm32cubeide_1.11.0/stm32cubeide/plugins/com.st.stm32cube.ide.mcu.externaltools.gnu-tools-for-stm32.10.3-2021.10.win32_1.0.100.202210260954/tools/bin/../lib/gcc/arm-none-eabi/10.3.1/thumb/v7e-m+fp/hard/crti.o
LOAD c:/st/stm32cubeide_1.11.0/stm32cubeide/plugins/com.st.stm32cube.ide.mcu.externaltools.gnu-tools-for-stm32.10.3-2021.10.win32_1.0.100.202210260954/tools/bin/../lib/gcc/arm-none-eabi/10.3.1/thumb/v7e-m+fp/hard/crtbegin.o
LOAD c:/st/stm32cubeide_1.11.0/stm32cubeide/plugins/com.st.stm32cube.ide.mcu.externaltools.gnu-tools-for-stm32.10.3-2021.10.win32_1.0.100.202210260954/tools/bin/../lib/gcc/arm-none-eabi/10.3.1/../../../../arm-none-eabi/lib/thumb/v7e-m+fp/hard/crt0.o
LOAD ./Core/Src/main.o
LOAD ./Core/Src/stm32f4xx_hal_msp.o
LOAD ./Core/Src/stm32f4xx_it.o
LOAD ./Core/Src/syscalls.o
LOAD ./Core/Src/sysmem.o
LOAD ./Core/Src/system_stm32f4xx.o
LOAD ./Core/Startup/startup_stm32f401ccux.o
LOAD ./Drivers/STM32F4xx_HAL_Driver/Src/stm32f4xx_hal.o
LOAD ./Drivers/STM32F4xx_HAL_Driver/Src/stm32f4xx_hal_cortex.o
LOAD ./Drivers/STM32F4xx_HAL_Driver/Src/stm32f4xx_hal_dma.o
LOAD ./Drivers/STM32F4xx_HAL_Driver/Src/stm32f4xx_hal_dma_ex.o
LOAD ./Drivers/STM32F4xx_HAL_Driver/Src/stm32f4xx_hal_exti.o
LOAD ./Drivers/STM32F4xx_HAL_Driver/Src/stm32f4xx_hal_flash.o
LOAD ./Drivers/STM32F4xx_HAL_Driver/Src/stm32f4xx_hal_flash_ex.o
LOAD ./Drivers/STM32F4xx_HAL_Driver/Src/stm32f4xx_hal_flash_ramfunc.o
LOAD ./Drivers/STM32F4xx_HAL_Driver/Src/stm32f4xx_hal_gpio.o
LOAD ./Drivers/STM32F4xx_HAL_Driver/Src/stm32f4xx_hal_pcd.o
LOAD ./Drivers/STM32F4xx_HAL_Driver/Src/stm32f4xx_hal_pcd_ex.o
LOAD ./Drivers/STM32F4xx_HAL_Driver/Src/stm32f4xx_hal_pwr.o
LOAD ./Drivers/STM32F4xx_HAL_Driver/Src/stm32f4xx_hal_pwr_ex.o
LOAD ./Drivers/STM32F4xx_HAL_Driver/Src/stm32f4xx_hal_rcc.o
LOAD ./Drivers/STM32F4xx_HAL_Driver/Src/stm32f4xx_hal_rcc_ex.o
LOAD ./Drivers/STM32F4xx_HAL_Driver/Src/stm32f4xx_hal_tim.o
LOAD ./Drivers/STM32F4xx_HAL_Driver/Src/stm32f4xx_hal_tim_ex.o
LOAD ./Drivers/STM32F4xx_HAL_Driver/Src/stm32f4xx_hal_uart.o
LOAD ./Drivers/STM32F4xx_HAL_Driver/Src/stm32f4xx_ll_usb.o
LOAD ./Middlewares/ST/STM32_USB_Device_Library/Class/CDC/Src/usbd_cdc.o
LOAD ./Middlewares/ST/STM32_USB_Device_Library/Core/Src/usbd_core.o
LOAD ./Middlewares/ST/STM32_USB_Device_Library/Core/Src/usbd_ctlreq.o
LOAD ./Middlewares/ST/STM32_USB_Device_Library/Core/Src/usbd_ioreq.o
LOAD ./USB_DEVICE/App/usb_device.o
LOAD ./USB_DEVICE/App/usbd_cdc_if.o
LOAD ./USB_DEVICE/App/usbd_desc.o
LOAD ./USB_DEVICE/Target/usbd_conf.o
START GROUP
LOAD c:/st/stm32cubeide_1.11.0/stm32cubeide/plugins/com.st.stm32cube.ide.mcu.externaltools.gnu-tools-for-stm32.10.3-2021.10.win32_1.0.100.202210260954/tools/bin/../lib/gcc/arm-none-eabi/10.3.1/../../../../arm-none-eabi/lib/thumb/v7e-m+fp/hard\libc_nano.a
LOAD c:/st/stm32cubeide_1.11.0/stm32cubeide/plugins/com.st.stm32cube.ide.mcu.externaltools.gnu-tools-for-stm32.10.3-2021.10.win32_1.0.100.202210260954/tools/bin/../lib/gcc/arm-none-eabi/10.3.1/../../../../arm-none-eabi/lib/thumb/v7e-m+fp/hard\libm.a
END GROUP
START GROUP
LOAD c:/st/stm32cubeide_1.11.0/stm32cubeide/plugins/com.st.stm32cube.ide.mcu.externaltools.gnu-tools-for-stm32.10.3-2021.10.win32_1.0.100.202210260954/tools/bin/../lib/gcc/arm-none-eabi/10.3.1/thumb/v7e-m+fp/hard\libgcc.a
LOAD c:/st/stm32cubeide_1.11.0/stm32cubeide/plugins/com.st.stm32cube.ide.mcu.externaltools.gnu-tools-for-stm32.10.3-2021.10.win32_1.0.100.202210260954/tools/bin/../lib/gcc/arm-none-eabi/10.3.1/../../../../arm-none-eabi/lib/thumb/v7e-m+fp/hard\libc_nano.a
END GROUP
START GROUP
LOAD c:/st/stm32cubeide_1.11.0/stm32cubeide/plugins/com.st.stm32cube.ide.mcu.externaltools.gnu-tools-for-stm32.10.3-2021.10.win32_1.0.100.202210260954/tools/bin/../lib/gcc/arm-none-eabi/10.3.1/thumb/v7e-m+fp/hard\libgcc.a
LOAD c:/st/stm32cubeide_1.11.0/stm32cubeide/plugins/com.st.stm32cube.ide.mcu.externaltools.gnu-tools-for-stm32.10.3-2021.10.win32_1.0.100.202210260954/tools/bin/../lib/gcc/arm-none-eabi/10.3.1/../../../../arm-none-eabi/lib/thumb/v7e-m+fp/hard\libc_nano.a
LOAD c:/st/stm32cubeide_1.11.0/stm32cubeide/plugins/com.st.stm32cube.ide.mcu.externaltools.gnu-tools-for-stm32.10.3-2021.10.win32_1.0.100.202210260954/tools/bin/../lib/gcc/arm-none-eabi/10.3.1/../../../../arm-none-eabi/lib/thumb/v7e-m+fp/hard\libnosys.a
END GROUP
START GROUP
LOAD c:/st/stm32cubeide_1.11.0/stm32cubeide/plugins/com.st.stm32cube.ide.mcu.externaltools.gnu-tools-for-stm32.10.3-2021.10.win32_1.0.100.202210260954/tools/bin/../lib/gcc/arm-none-eabi/10.3.1/thumb/v7e-m+fp/hard\libgcc.a
LOAD c:/st/stm32cubeide_1.11.0/stm32cubeide/plugins/com.st.stm32cube.ide.mcu.externaltools.gnu-tools-for-stm32.10.3-2021.10.win32_1.0.100.202210260954/tools/bin/../lib/gcc/arm-none-eabi/10.3.1/../../../../arm-none-eabi/lib/thumb/v7e-m+fp/hard\libc_nano.a
LOAD c:/st/stm32cubeide_1.11.0/stm32cubeide/plugins/com.st.stm32cube.ide.mcu.externaltools.gnu-tools-for-stm32.10.3-2021.10.win32_1.0.100.202210260954/tools/bin/../lib/gcc/arm-none-eabi/10.3.1/../../../../arm-none-eabi/lib/thumb/v7e-m+fp/hard\libnosys.a
END GROUP
LOAD c:/st/stm32cubeide_1.11.0/stm32cubeide/plugins/com.st.stm32cube.ide.mcu.externaltools.gnu-tools-for-stm32.10.3-2021.10.win32_1.0.100.202210260954/tools/bin/../lib/gcc/arm-none-eabi/10.3.1/thumb/v7e-m+fp/hard/crtend.o
LOAD c:/st/stm32cubeide_1.11.0/stm32cubeide/plugins/com.st.stm32cube.ide.mcu.externaltools.gnu-tools-for-stm32.10.3-2021.10.win32_1.0.100.202210260954/tools/bin/../lib/gcc/arm-none-eabi/10.3.1/thumb/v7e-m+fp/hard/crtn.o
                0x0000000020010000                _estack = (ORIGIN (RAM) + LENGTH (RAM))
                0x0000000000000200                _Min_Heap_Size = 0x200
                0x0000000000000400                _Min_Stack_Size = 0x400

.isr_vector     0x0000000008000000      0x194
                0x0000000008000000                . = ALIGN (0x4)
 *(.isr_vector)
 .isr_vector    0x0000000008000000      0x194 ./Core/Startup/startup_stm32f401ccux.o
                0x0000000008000000                g_pfnVectors
                0x0000000008000194                . = ALIGN (0x4)

.text           0x0000000008000194     0x7428
                0x0000000008000194                . = ALIGN (0x4)
 *(.text)
 .text          0x0000000008000194       0x40 c:/st/stm32cubeide_1.11.0/stm32cubeide/plugins/com.st.stm32cube.ide.mcu.externaltools.gnu-tools-for-stm32.10.3-2021.10.win32_1.0.100.202210260954/tools/bin/../lib/gcc/arm-none-eabi/10.3.1/thumb/v7e-m+fp/hard/crtbegin.o
 .text          0x00000000080001d4       0x14 c:/st/stm32cubeide_1.11.0/stm32cubeide/plugins/com.st.stm32cube.ide.mcu.externaltools.gnu-tools-for-stm32.10.3-2021.10.win32_1.0.100.202210260954/tools/bin/../lib/gcc/arm-none-eabi/10.3.1/../../../../arm-none-eabi/lib/thumb/v7e-m+fp/hard\libc_nano.a(lib_a-strcmp.o)
                0x00000000080001d4                strcmp
 .text          0x00000000080001e8       0x30 c:/st/stm32cubeide_1.11.0/stm32cubeide/plugins/com.st.stm32cube.ide.mcu.externaltools.gnu-tools-for-stm32.10.3-2021.10.win32_1.0.100.202210260954/tools/bin/../lib/gcc/arm-none-eabi/10.3.1/thumb/v7e-m+fp/hard\libgcc.a(_aeabi_uldivmod.o)
                0x00000000080001e8                __aeabi_uldivmod
 .text          0x0000000008000218      0x2d0 c:/st/stm32cubeide_1.11.0/stm32cubeide/plugins/com.st.stm32cube.ide.mcu.externaltools.gnu-tools-for-stm32.10.3-2021.10.win32_1.0.100.202210260954/tools/bin/../lib/gcc/arm-none-eabi/10.3.1/thumb/v7e-m+fp/hard\libgcc.a(_udivmoddi4.o)
                0x0000000008000218                __udivmoddi4
 .text          0x00000000080004e8        0x4 c:/st/stm32cubeide_1.11.0/stm32cubeide/plugins/com.st.stm32cube.ide.mcu.externaltools.gnu-tools-for-stm32.10.3-2021.10.win32_1.0.100.202210260954/tools/bin/../lib/gcc/arm-none-eabi/10.3.1/thumb/v7e-m+fp/hard\libgcc.a(_dvmd_tls.o)
                0x00000000080004e8                __aeabi_idiv0
                0x00000000080004e8                __aeabi_ldiv0
 *(.text*)
 .text.main     0x00000000080004ec       0x74 ./Core/Src/main.o
                0x00000000080004ec                main
 .text.SystemClock_Config
                0x0000000008000560       0xd4 ./Core/Src/main.o
                0x0000000008000560                SystemClock_Config
 .text.MX_USART1_UART_Init
                0x0000000008000634       0x54 ./Core/Src/main.o
 .text.MX_GPIO_Init
                0x0000000008000688       0xc0 ./Core/Src/main.o
 .text.Error_Handler
                0x0000000008000748        0xa ./Core/Src/main.o
                0x0000000008000748                Error_Handler
 *fill*         0x0000000008000752        0x2 
 .text.HAL_MspInit
                0x0000000008000754       0x50 ./Core/Src/stm32f4xx_hal_msp.o
                0x0000000008000754                HAL_MspInit
 .text.HAL_UART_MspInit
                0x00000000080007a4       0x90 ./Core/Src/stm32f4xx_hal_msp.o
                0x00000000080007a4                HAL_UART_MspInit
 .text.NMI_Handler
                0x0000000008000834        0x6 ./Core/Src/stm32f4xx_it.o
                0x0000000008000834                NMI_Handler
 .text.HardFault_Handler
                0x000000000800083a        0x6 ./Core/Src/stm32f4xx_it.o
                0x000000000800083a                HardFault_Handler
 .text.MemManage_Handler
                0x0000000008000840        0x6 ./Core/Src/stm32f4xx_it.o
                0x0000000008000840                MemManage_Handler
 .text.BusFault_Handler
                0x0000000008000846        0x6 ./Core/Src/stm32f4xx_it.o
                0x0000000008000846                BusFault_Handler
 .text.UsageFault_Handler
                0x000000000800084c        0x6 ./Core/Src/stm32f4xx_it.o
                0x000000000800084c                UsageFault_Handler
 .text.SVC_Handler
                0x0000000008000852        0xe ./Core/Src/stm32f4xx_it.o
                0x0000000008000852                SVC_Handler
 .text.DebugMon_Handler
                0x0000000008000860        0xe ./Core/Src/stm32f4xx_it.o
                0x0000000008000860                DebugMon_Handler
 .text.PendSV_Handler
                0x000000000800086e        0xe ./Core/Src/stm32f4xx_it.o
                0x000000000800086e                PendSV_Handler
 .text.SysTick_Handler
                0x000000000800087c        0xc ./Core/Src/stm32f4xx_it.o
                0x000000000800087c                SysTick_Handler
 .text.OTG_FS_IRQHandler
                0x0000000008000888       0x14 ./Core/Src/stm32f4xx_it.o
                0x0000000008000888                OTG_FS_IRQHandler
 .text.SystemInit
                0x000000000800089c       0x24 ./Core/Src/system_stm32f4xx.o
                0x000000000800089c                SystemInit
 .text.Reset_Handler
                0x00000000080008c0       0x50 ./Core/Startup/startup_stm32f401ccux.o
                0x00000000080008c0                Reset_Handler
 .text.Default_Handler
                0x0000000008000910        0x2 ./Core/Startup/startup_stm32f401ccux.o
                0x0000000008000910                RTC_Alarm_IRQHandler
                0x0000000008000910                EXTI2_IRQHandler
                0x0000000008000910                SPI4_IRQHandler
                0x0000000008000910                TIM1_CC_IRQHandler
                0x0000000008000910                DMA2_Stream5_IRQHandler
                0x0000000008000910                DMA1_Stream5_IRQHandler
                0x0000000008000910                PVD_IRQHandler
                0x0000000008000910                SDIO_IRQHandler
                0x0000000008000910                TAMP_STAMP_IRQHandler
                0x0000000008000910                EXTI3_IRQHandler
                0x0000000008000910                TIM1_UP_TIM10_IRQHandler
                0x0000000008000910                I2C3_ER_IRQHandler
                0x0000000008000910                EXTI0_IRQHandler
                0x0000000008000910                I2C2_EV_IRQHandler
                0x0000000008000910                DMA1_Stream2_IRQHandler
                0x0000000008000910                FPU_IRQHandler
                0x0000000008000910                DMA2_Stream2_IRQHandler
                0x0000000008000910                SPI1_IRQHandler
                0x0000000008000910                TIM1_BRK_TIM9_IRQHandler
                0x0000000008000910                DMA2_Stream3_IRQHandler
                0x0000000008000910                USART6_IRQHandler
                0x0000000008000910                DMA2_Stream0_IRQHandler
                0x0000000008000910                TIM4_IRQHandler
                0x0000000008000910                I2C1_EV_IRQHandler
                0x0000000008000910                DMA1_Stream6_IRQHandler
                0x0000000008000910                DMA1_Stream1_IRQHandler
                0x0000000008000910                TIM3_IRQHandler
                0x0000000008000910                RCC_IRQHandler
                0x0000000008000910                Default_Handler
                0x0000000008000910                EXTI15_10_IRQHandler
                0x0000000008000910                ADC_IRQHandler
                0x0000000008000910                DMA1_Stream7_IRQHandler
                0x0000000008000910                TIM5_IRQHandler
                0x0000000008000910                DMA2_Stream7_IRQHandler
                0x0000000008000910                I2C3_EV_IRQHandler
                0x0000000008000910                EXTI9_5_IRQHandler
                0x0000000008000910                RTC_WKUP_IRQHandler
                0x0000000008000910                SPI2_IRQHandler
                0x0000000008000910                DMA1_Stream0_IRQHandler
                0x0000000008000910                EXTI4_IRQHandler
                0x0000000008000910                WWDG_IRQHandler
                0x0000000008000910                TIM2_IRQHandler
                0x0000000008000910                OTG_FS_WKUP_IRQHandler
                0x0000000008000910                TIM1_TRG_COM_TIM11_IRQHandler
                0x0000000008000910                EXTI1_IRQHandler
                0x0000000008000910                USART2_IRQHandler
                0x0000000008000910                I2C2_ER_IRQHandler
                0x0000000008000910                DMA2_Stream1_IRQHandler
                0x0000000008000910                FLASH_IRQHandler
                0x0000000008000910                DMA2_Stream4_IRQHandler
                0x0000000008000910                USART1_IRQHandler
                0x0000000008000910                SPI3_IRQHandler
                0x0000000008000910                DMA1_Stream4_IRQHandler
                0x0000000008000910                I2C1_ER_IRQHandler
                0x0000000008000910                DMA2_Stream6_IRQHandler
                0x0000000008000910                DMA1_Stream3_IRQHandler
 *fill*         0x0000000008000912        0x2 
 .text.HAL_Init
                0x0000000008000914       0x44 ./Drivers/STM32F4xx_HAL_Driver/Src/stm32f4xx_hal.o
                0x0000000008000914                HAL_Init
 .text.HAL_InitTick
                0x0000000008000958       0x60 ./Drivers/STM32F4xx_HAL_Driver/Src/stm32f4xx_hal.o
                0x0000000008000958                HAL_InitTick
 .text.HAL_IncTick
                0x00000000080009b8       0x28 ./Drivers/STM32F4xx_HAL_Driver/Src/stm32f4xx_hal.o
                0x00000000080009b8                HAL_IncTick
 .text.HAL_GetTick
                0x00000000080009e0       0x18 ./Drivers/STM32F4xx_HAL_Driver/Src/stm32f4xx_hal.o
                0x00000000080009e0                HAL_GetTick
 .text.HAL_Delay
                0x00000000080009f8       0x48 ./Drivers/STM32F4xx_HAL_Driver/Src/stm32f4xx_hal.o
                0x00000000080009f8                HAL_Delay
 .text.__NVIC_SetPriorityGrouping
                0x0000000008000a40       0x48 ./Drivers/STM32F4xx_HAL_Driver/Src/stm32f4xx_hal_cortex.o
 .text.__NVIC_GetPriorityGrouping
                0x0000000008000a88       0x1c ./Drivers/STM32F4xx_HAL_Driver/Src/stm32f4xx_hal_cortex.o
 .text.__NVIC_EnableIRQ
                0x0000000008000aa4       0x3c ./Drivers/STM32F4xx_HAL_Driver/Src/stm32f4xx_hal_cortex.o
 .text.__NVIC_SetPriority
                0x0000000008000ae0       0x54 ./Drivers/STM32F4xx_HAL_Driver/Src/stm32f4xx_hal_cortex.o
 .text.NVIC_EncodePriority
                0x0000000008000b34       0x66 ./Drivers/STM32F4xx_HAL_Driver/Src/stm32f4xx_hal_cortex.o
 *fill*         0x0000000008000b9a        0x2 
 .text.SysTick_Config
                0x0000000008000b9c       0x44 ./Drivers/STM32F4xx_HAL_Driver/Src/stm32f4xx_hal_cortex.o
 .text.HAL_NVIC_SetPriorityGrouping
                0x0000000008000be0       0x16 ./Drivers/STM32F4xx_HAL_Driver/Src/stm32f4xx_hal_cortex.o
                0x0000000008000be0                HAL_NVIC_SetPriorityGrouping
 .text.HAL_NVIC_SetPriority
                0x0000000008000bf6       0x38 ./Drivers/STM32F4xx_HAL_Driver/Src/stm32f4xx_hal_cortex.o
                0x0000000008000bf6                HAL_NVIC_SetPriority
 .text.HAL_NVIC_EnableIRQ
                0x0000000008000c2e       0x1c ./Drivers/STM32F4xx_HAL_Driver/Src/stm32f4xx_hal_cortex.o
                0x0000000008000c2e                HAL_NVIC_EnableIRQ
 .text.HAL_SYSTICK_Config
                0x0000000008000c4a       0x18 ./Drivers/STM32F4xx_HAL_Driver/Src/stm32f4xx_hal_cortex.o
                0x0000000008000c4a                HAL_SYSTICK_Config
 *fill*         0x0000000008000c62        0x2 
 .text.HAL_GPIO_Init
                0x0000000008000c64      0x308 ./Drivers/STM32F4xx_HAL_Driver/Src/stm32f4xx_hal_gpio.o
                0x0000000008000c64                HAL_GPIO_Init
 .text.HAL_GPIO_WritePin
                0x0000000008000f6c       0x32 ./Drivers/STM32F4xx_HAL_Driver/Src/stm32f4xx_hal_gpio.o
                0x0000000008000f6c                HAL_GPIO_WritePin
 .text.HAL_GPIO_TogglePin
                0x0000000008000f9e       0x34 ./Drivers/STM32F4xx_HAL_Driver/Src/stm32f4xx_hal_gpio.o
                0x0000000008000f9e                HAL_GPIO_TogglePin
 .text.HAL_PCD_Init
                0x0000000008000fd2      0x23a ./Drivers/STM32F4xx_HAL_Driver/Src/stm32f4xx_hal_pcd.o
                0x0000000008000fd2                HAL_PCD_Init
 .text.HAL_PCD_Start
                0x000000000800120c       0x66 ./Drivers/STM32F4xx_HAL_Driver/Src/stm32f4xx_hal_pcd.o
                0x000000000800120c                HAL_PCD_Start
 .text.HAL_PCD_IRQHandler
                0x0000000008001272      0x93e ./Drivers/STM32F4xx_HAL_Driver/Src/stm32f4xx_hal_pcd.o
                0x0000000008001272                HAL_PCD_IRQHandler
 .text.HAL_PCD_SetAddress
                0x0000000008001bb0       0x4a ./Drivers/STM32F4xx_HAL_Driver/Src/stm32f4xx_hal_pcd.o
                0x0000000008001bb0                HAL_PCD_SetAddress
 .text.HAL_PCD_EP_Open
                0x0000000008001bfa       0xd0 ./Drivers/STM32F4xx_HAL_Driver/Src/stm32f4xx_hal_pcd.o
                0x0000000008001bfa                HAL_PCD_EP_Open
 .text.HAL_PCD_EP_Close
                0x0000000008001cca       0x94 ./Drivers/STM32F4xx_HAL_Driver/Src/stm32f4xx_hal_pcd.o
                0x0000000008001cca                HAL_PCD_EP_Close
 .text.HAL_PCD_EP_Receive
                0x0000000008001d5e       0x96 ./Drivers/STM32F4xx_HAL_Driver/Src/stm32f4xx_hal_pcd.o
                0x0000000008001d5e                HAL_PCD_EP_Receive
 .text.HAL_PCD_EP_GetRxCount
                0x0000000008001df4       0x30 ./Drivers/STM32F4xx_HAL_Driver/Src/stm32f4xx_hal_pcd.o
                0x0000000008001df4                HAL_PCD_EP_GetRxCount
 .text.HAL_PCD_EP_Transmit
                0x0000000008001e24       0x94 ./Drivers/STM32F4xx_HAL_Driver/Src/stm32f4xx_hal_pcd.o
                0x0000000008001e24                HAL_PCD_EP_Transmit
 .text.HAL_PCD_EP_SetStall
                0x0000000008001eb8       0xc8 ./Drivers/STM32F4xx_HAL_Driver/Src/stm32f4xx_hal_pcd.o
                0x0000000008001eb8                HAL_PCD_EP_SetStall
 .text.HAL_PCD_EP_ClrStall
                0x0000000008001f80       0xac ./Drivers/STM32F4xx_HAL_Driver/Src/stm32f4xx_hal_pcd.o
                0x0000000008001f80                HAL_PCD_EP_ClrStall
 .text.HAL_PCD_EP_Abort
                0x000000000800202c       0x62 ./Drivers/STM32F4xx_HAL_Driver/Src/stm32f4xx_hal_pcd.o
                0x000000000800202c                HAL_PCD_EP_Abort
 .text.PCD_WriteEmptyTxFifo
                0x000000000800208e      0x11a ./Drivers/STM32F4xx_HAL_Driver/Src/stm32f4xx_hal_pcd.o
 .text.PCD_EP_OutXfrComplete_int
                0x00000000080021a8      0x1d0 ./Drivers/STM32F4xx_HAL_Driver/Src/stm32f4xx_hal_pcd.o
 .text.PCD_EP_OutSetupPacket_int
                0x0000000008002378       0x8c ./Drivers/STM32F4xx_HAL_Driver/Src/stm32f4xx_hal_pcd.o
 .text.HAL_PCDEx_SetTxFiFo
                0x0000000008002404       0x8e ./Drivers/STM32F4xx_HAL_Driver/Src/stm32f4xx_hal_pcd_ex.o
                0x0000000008002404                HAL_PCDEx_SetTxFiFo
 .text.HAL_PCDEx_SetRxFiFo
                0x0000000008002492       0x22 ./Drivers/STM32F4xx_HAL_Driver/Src/stm32f4xx_hal_pcd_ex.o
                0x0000000008002492                HAL_PCDEx_SetRxFiFo
 .text.HAL_PCDEx_LPM_Callback
                0x00000000080024b4       0x18 ./Drivers/STM32F4xx_HAL_Driver/Src/stm32f4xx_hal_pcd_ex.o
                0x00000000080024b4                HAL_PCDEx_LPM_Callback
 .text.HAL_RCC_OscConfig
                0x00000000080024cc      0x4f0 ./Drivers/STM32F4xx_HAL_Driver/Src/stm32f4xx_hal_rcc.o
                0x00000000080024cc                HAL_RCC_OscConfig
 .text.HAL_RCC_ClockConfig
                0x00000000080029bc      0x1cc ./Drivers/STM32F4xx_HAL_Driver/Src/stm32f4xx_hal_rcc.o
                0x00000000080029bc                HAL_RCC_ClockConfig
 .text.HAL_RCC_GetSysClockFreq
                0x0000000008002b88      0x18c ./Drivers/STM32F4xx_HAL_Driver/Src/stm32f4xx_hal_rcc.o
                0x0000000008002b88                HAL_RCC_GetSysClockFreq
 .text.HAL_RCC_GetHCLKFreq
                0x0000000008002d14       0x18 ./Drivers/STM32F4xx_HAL_Driver/Src/stm32f4xx_hal_rcc.o
                0x0000000008002d14                HAL_RCC_GetHCLKFreq
 .text.HAL_RCC_GetPCLK1Freq
                0x0000000008002d2c       0x28 ./Drivers/STM32F4xx_HAL_Driver/Src/stm32f4xx_hal_rcc.o
                0x0000000008002d2c                HAL_RCC_GetPCLK1Freq
 .text.HAL_RCC_GetPCLK2Freq
                0x0000000008002d54       0x28 ./Drivers/STM32F4xx_HAL_Driver/Src/stm32f4xx_hal_rcc.o
                0x0000000008002d54                HAL_RCC_GetPCLK2Freq
 .text.HAL_UART_Init
                0x0000000008002d7c       0x9a ./Drivers/STM32F4xx_HAL_Driver/Src/stm32f4xx_hal_uart.o
                0x0000000008002d7c                HAL_UART_Init
 *fill*         0x0000000008002e16        0x2 
 .text.UART_SetConfig
                0x0000000008002e18      0x4e8 ./Drivers/STM32F4xx_HAL_Driver/Src/stm32f4xx_hal_uart.o
 .text.USB_CoreInit
                0x0000000008003300       0xc2 ./Drivers/STM32F4xx_HAL_Driver/Src/stm32f4xx_ll_usb.o
                0x0000000008003300                USB_CoreInit
 *fill*         0x00000000080033c2        0x2 
 .text.USB_SetTurnaroundTime
                0x00000000080033c4      0x144 ./Drivers/STM32F4xx_HAL_Driver/Src/stm32f4xx_ll_usb.o
                0x00000000080033c4                USB_SetTurnaroundTime
 .text.USB_EnableGlobalInt
                0x0000000008003508       0x22 ./Drivers/STM32F4xx_HAL_Driver/Src/stm32f4xx_ll_usb.o
                0x0000000008003508                USB_EnableGlobalInt
 .text.USB_DisableGlobalInt
                0x000000000800352a       0x22 ./Drivers/STM32F4xx_HAL_Driver/Src/stm32f4xx_ll_usb.o
                0x000000000800352a                USB_DisableGlobalInt
 .text.USB_SetCurrentMode
                0x000000000800354c       0x98 ./Drivers/STM32F4xx_HAL_Driver/Src/stm32f4xx_ll_usb.o
                0x000000000800354c                USB_SetCurrentMode
 .text.USB_DevInit
                0x00000000080035e4      0x2c8 ./Drivers/STM32F4xx_HAL_Driver/Src/stm32f4xx_ll_usb.o
                0x00000000080035e4                USB_DevInit
 .text.USB_FlushTxFifo
                0x00000000080038ac       0x68 ./Drivers/STM32F4xx_HAL_Driver/Src/stm32f4xx_ll_usb.o
                0x00000000080038ac                USB_FlushTxFifo
 .text.USB_FlushRxFifo
                0x0000000008003914       0x60 ./Drivers/STM32F4xx_HAL_Driver/Src/stm32f4xx_ll_usb.o
                0x0000000008003914                USB_FlushRxFifo
 .text.USB_SetDevSpeed
                0x0000000008003974       0x32 ./Drivers/STM32F4xx_HAL_Driver/Src/stm32f4xx_ll_usb.o
                0x0000000008003974                USB_SetDevSpeed
 .text.USB_GetDevSpeed
                0x00000000080039a6       0x4a ./Drivers/STM32F4xx_HAL_Driver/Src/stm32f4xx_ll_usb.o
                0x00000000080039a6                USB_GetDevSpeed
 .text.USB_ActivateEndpoint
                0x00000000080039f0      0x10e ./Drivers/STM32F4xx_HAL_Driver/Src/stm32f4xx_ll_usb.o
                0x00000000080039f0                USB_ActivateEndpoint
 *fill*         0x0000000008003afe        0x2 
 .text.USB_DeactivateEndpoint
                0x0000000008003b00      0x1b8 ./Drivers/STM32F4xx_HAL_Driver/Src/stm32f4xx_ll_usb.o
                0x0000000008003b00                USB_DeactivateEndpoint
 .text.USB_EPStartXfer
                0x0000000008003cb8      0x490 ./Drivers/STM32F4xx_HAL_Driver/Src/stm32f4xx_ll_usb.o
                0x0000000008003cb8                USB_EPStartXfer
 .text.USB_EP0StartXfer
                0x0000000008004148      0x2b0 ./Drivers/STM32F4xx_HAL_Driver/Src/stm32f4xx_ll_usb.o
                0x0000000008004148                USB_EP0StartXfer
 .text.USB_EPStopXfer
                0x00000000080043f8      0x154 ./Drivers/STM32F4xx_HAL_Driver/Src/stm32f4xx_ll_usb.o
                0x00000000080043f8                USB_EPStopXfer
 .text.USB_WritePacket
                0x000000000800454c       0x7c ./Drivers/STM32F4xx_HAL_Driver/Src/stm32f4xx_ll_usb.o
                0x000000000800454c                USB_WritePacket
 .text.USB_ReadPacket
                0x00000000080045c8       0xb0 ./Drivers/STM32F4xx_HAL_Driver/Src/stm32f4xx_ll_usb.o
                0x00000000080045c8                USB_ReadPacket
 .text.USB_EPSetStall
                0x0000000008004678       0xdc ./Drivers/STM32F4xx_HAL_Driver/Src/stm32f4xx_ll_usb.o
                0x0000000008004678                USB_EPSetStall
 .text.USB_EPClearStall
                0x0000000008004754       0xcc ./Drivers/STM32F4xx_HAL_Driver/Src/stm32f4xx_ll_usb.o
                0x0000000008004754                USB_EPClearStall
 .text.USB_SetDevAddress
                0x0000000008004820       0x4c ./Drivers/STM32F4xx_HAL_Driver/Src/stm32f4xx_ll_usb.o
                0x0000000008004820                USB_SetDevAddress
 .text.USB_DevConnect
                0x000000000800486c       0x42 ./Drivers/STM32F4xx_HAL_Driver/Src/stm32f4xx_ll_usb.o
                0x000000000800486c                USB_DevConnect
 .text.USB_DevDisconnect
                0x00000000080048ae       0x42 ./Drivers/STM32F4xx_HAL_Driver/Src/stm32f4xx_ll_usb.o
                0x00000000080048ae                USB_DevDisconnect
 .text.USB_ReadInterrupts
                0x00000000080048f0       0x26 ./Drivers/STM32F4xx_HAL_Driver/Src/stm32f4xx_ll_usb.o
                0x00000000080048f0                USB_ReadInterrupts
 .text.USB_ReadDevAllOutEpInterrupt
                0x0000000008004916       0x34 ./Drivers/STM32F4xx_HAL_Driver/Src/stm32f4xx_ll_usb.o
                0x0000000008004916                USB_ReadDevAllOutEpInterrupt
 .text.USB_ReadDevAllInEpInterrupt
                0x000000000800494a       0x34 ./Drivers/STM32F4xx_HAL_Driver/Src/stm32f4xx_ll_usb.o
                0x000000000800494a                USB_ReadDevAllInEpInterrupt
 .text.USB_ReadDevOutEPInterrupt
                0x000000000800497e       0x3c ./Drivers/STM32F4xx_HAL_Driver/Src/stm32f4xx_ll_usb.o
                0x000000000800497e                USB_ReadDevOutEPInterrupt
 .text.USB_ReadDevInEPInterrupt
                0x00000000080049ba       0x5c ./Drivers/STM32F4xx_HAL_Driver/Src/stm32f4xx_ll_usb.o
                0x00000000080049ba                USB_ReadDevInEPInterrupt
 .text.USB_GetMode
                0x0000000008004a16       0x1c ./Drivers/STM32F4xx_HAL_Driver/Src/stm32f4xx_ll_usb.o
                0x0000000008004a16                USB_GetMode
 .text.USB_ActivateSetup
                0x0000000008004a32       0x46 ./Drivers/STM32F4xx_HAL_Driver/Src/stm32f4xx_ll_usb.o
                0x0000000008004a32                USB_ActivateSetup
 .text.USB_EP0_OutStart
                0x0000000008004a78       0xbc ./Drivers/STM32F4xx_HAL_Driver/Src/stm32f4xx_ll_usb.o
                0x0000000008004a78                USB_EP0_OutStart
 .text.USB_CoreReset
                0x0000000008004b34       0x68 ./Drivers/STM32F4xx_HAL_Driver/Src/stm32f4xx_ll_usb.o
 .text.USBD_CDC_Init
                0x0000000008004b9c      0x1f0 ./Middlewares/ST/STM32_USB_Device_Library/Class/CDC/Src/usbd_cdc.o
 .text.USBD_CDC_DeInit
                0x0000000008004d8c      0x104 ./Middlewares/ST/STM32_USB_Device_Library/Class/CDC/Src/usbd_cdc.o
 .text.USBD_CDC_Setup
                0x0000000008004e90      0x1b8 ./Middlewares/ST/STM32_USB_Device_Library/Class/CDC/Src/usbd_cdc.o
 .text.USBD_CDC_DataIn
                0x0000000008005048       0xfe ./Middlewares/ST/STM32_USB_Device_Library/Class/CDC/Src/usbd_cdc.o
 .text.USBD_CDC_DataOut
                0x0000000008005146       0x70 ./Middlewares/ST/STM32_USB_Device_Library/Class/CDC/Src/usbd_cdc.o
 .text.USBD_CDC_EP0_RxReady
                0x00000000080051b6       0x76 ./Middlewares/ST/STM32_USB_Device_Library/Class/CDC/Src/usbd_cdc.o
 .text.USBD_CDC_GetFSCfgDesc
                0x000000000800522c       0x70 ./Middlewares/ST/STM32_USB_Device_Library/Class/CDC/Src/usbd_cdc.o
 .text.USBD_CDC_GetHSCfgDesc
                0x000000000800529c       0x70 ./Middlewares/ST/STM32_USB_Device_Library/Class/CDC/Src/usbd_cdc.o
 .text.USBD_CDC_GetOtherSpeedCfgDesc
                0x000000000800530c       0x70 ./Middlewares/ST/STM32_USB_Device_Library/Class/CDC/Src/usbd_cdc.o
 .text.USBD_CDC_GetDeviceQualifierDescriptor
                0x000000000800537c       0x20 ./Middlewares/ST/STM32_USB_Device_Library/Class/CDC/Src/usbd_cdc.o
                0x000000000800537c                USBD_CDC_GetDeviceQualifierDescriptor
 .text.USBD_CDC_RegisterInterface
                0x000000000800539c       0x34 ./Middlewares/ST/STM32_USB_Device_Library/Class/CDC/Src/usbd_cdc.o
                0x000000000800539c                USBD_CDC_RegisterInterface
 .text.USBD_CDC_SetTxBuffer
                0x00000000080053d0       0x44 ./Middlewares/ST/STM32_USB_Device_Library/Class/CDC/Src/usbd_cdc.o
                0x00000000080053d0                USBD_CDC_SetTxBuffer
 .text.USBD_CDC_SetRxBuffer
                0x0000000008005414       0x3a ./Middlewares/ST/STM32_USB_Device_Library/Class/CDC/Src/usbd_cdc.o
                0x0000000008005414                USBD_CDC_SetRxBuffer
 *fill*         0x000000000800544e        0x2 
 .text.USBD_CDC_TransmitPacket
                0x0000000008005450       0x8c ./Middlewares/ST/STM32_USB_Device_Library/Class/CDC/Src/usbd_cdc.o
                0x0000000008005450                USBD_CDC_TransmitPacket
 .text.USBD_CDC_ReceivePacket
                0x00000000080054dc       0x6c ./Middlewares/ST/STM32_USB_Device_Library/Class/CDC/Src/usbd_cdc.o
                0x00000000080054dc                USBD_CDC_ReceivePacket
 .text.USBD_Init
                0x0000000008005548       0x60 ./Middlewares/ST/STM32_USB_Device_Library/Core/Src/usbd_core.o
                0x0000000008005548                USBD_Init
 .text.USBD_RegisterClass
                0x00000000080055a8       0x6c ./Middlewares/ST/STM32_USB_Device_Library/Core/Src/usbd_core.o
                0x00000000080055a8                USBD_RegisterClass
 .text.USBD_Start
                0x0000000008005614       0x18 ./Middlewares/ST/STM32_USB_Device_Library/Core/Src/usbd_core.o
                0x0000000008005614                USBD_Start
 .text.USBD_RunTestMode
                0x000000000800562c       0x16 ./Middlewares/ST/STM32_USB_Device_Library/Core/Src/usbd_core.o
                0x000000000800562c                USBD_RunTestMode
 .text.USBD_SetClassConfig
                0x0000000008005642       0x38 ./Middlewares/ST/STM32_USB_Device_Library/Core/Src/usbd_core.o
                0x0000000008005642                USBD_SetClassConfig
 .text.USBD_ClrClassConfig
                0x000000000800567a       0x34 ./Middlewares/ST/STM32_USB_Device_Library/Core/Src/usbd_core.o
                0x000000000800567a                USBD_ClrClassConfig
 .text.USBD_LL_SetupStage
                0x00000000080056ae       0xaa ./Middlewares/ST/STM32_USB_Device_Library/Core/Src/usbd_core.o
                0x00000000080056ae                USBD_LL_SetupStage
 .text.USBD_LL_DataOutStage
                0x0000000008005758      0x166 ./Middlewares/ST/STM32_USB_Device_Library/Core/Src/usbd_core.o
                0x0000000008005758                USBD_LL_DataOutStage
 .text.USBD_LL_DataInStage
                0x00000000080058be      0x164 ./Middlewares/ST/STM32_USB_Device_Library/Core/Src/usbd_core.o
                0x00000000080058be                USBD_LL_DataInStage
 .text.USBD_LL_Reset
                0x0000000008005a22       0xa4 ./Middlewares/ST/STM32_USB_Device_Library/Core/Src/usbd_core.o
                0x0000000008005a22                USBD_LL_Reset
 .text.USBD_LL_SetSpeed
                0x0000000008005ac6       0x20 ./Middlewares/ST/STM32_USB_Device_Library/Core/Src/usbd_core.o
                0x0000000008005ac6                USBD_LL_SetSpeed
 .text.USBD_LL_Suspend
                0x0000000008005ae6       0x2c ./Middlewares/ST/STM32_USB_Device_Library/Core/Src/usbd_core.o
                0x0000000008005ae6                USBD_LL_Suspend
 .text.USBD_LL_Resume
                0x0000000008005b12       0x30 ./Middlewares/ST/STM32_USB_Device_Library/Core/Src/usbd_core.o
                0x0000000008005b12                USBD_LL_Resume
 .text.USBD_LL_SOF
                0x0000000008005b42       0x40 ./Middlewares/ST/STM32_USB_Device_Library/Core/Src/usbd_core.o
                0x0000000008005b42                USBD_LL_SOF
 .text.USBD_LL_IsoINIncomplete
                0x0000000008005b82       0x64 ./Middlewares/ST/STM32_USB_Device_Library/Core/Src/usbd_core.o
                0x0000000008005b82                USBD_LL_IsoINIncomplete
 .text.USBD_LL_IsoOUTIncomplete
                0x0000000008005be6       0x64 ./Middlewares/ST/STM32_USB_Device_Library/Core/Src/usbd_core.o
                0x0000000008005be6                USBD_LL_IsoOUTIncomplete
 .text.USBD_LL_DevConnected
                0x0000000008005c4a       0x16 ./Middlewares/ST/STM32_USB_Device_Library/Core/Src/usbd_core.o
                0x0000000008005c4a                USBD_LL_DevConnected
 .text.USBD_LL_DevDisconnected
                0x0000000008005c60       0x46 ./Middlewares/ST/STM32_USB_Device_Library/Core/Src/usbd_core.o
                0x0000000008005c60                USBD_LL_DevDisconnected
 .text.USBD_CoreFindIF
                0x0000000008005ca6       0x1a ./Middlewares/ST/STM32_USB_Device_Library/Core/Src/usbd_core.o
                0x0000000008005ca6                USBD_CoreFindIF
 .text.USBD_CoreFindEP
                0x0000000008005cc0       0x1a ./Middlewares/ST/STM32_USB_Device_Library/Core/Src/usbd_core.o
                0x0000000008005cc0                USBD_CoreFindEP
 .text.USBD_GetEpDesc
                0x0000000008005cda       0x74 ./Middlewares/ST/STM32_USB_Device_Library/Core/Src/usbd_core.o
                0x0000000008005cda                USBD_GetEpDesc
 .text.USBD_GetNextDesc
                0x0000000008005d4e       0x3a ./Middlewares/ST/STM32_USB_Device_Library/Core/Src/usbd_core.o
                0x0000000008005d4e                USBD_GetNextDesc
 .text.SWAPBYTE
                0x0000000008005d88       0x3c ./Middlewares/ST/STM32_USB_Device_Library/Core/Src/usbd_ctlreq.o
 .text.USBD_StdDevReq
                0x0000000008005dc4       0xe4 ./Middlewares/ST/STM32_USB_Device_Library/Core/Src/usbd_ctlreq.o
                0x0000000008005dc4                USBD_StdDevReq
 .text.USBD_StdItfReq
                0x0000000008005ea8       0xd8 ./Middlewares/ST/STM32_USB_Device_Library/Core/Src/usbd_ctlreq.o
                0x0000000008005ea8                USBD_StdItfReq
 .text.USBD_StdEPReq
                0x0000000008005f80      0x33a ./Middlewares/ST/STM32_USB_Device_Library/Core/Src/usbd_ctlreq.o
                0x0000000008005f80                USBD_StdEPReq
 *fill*         0x00000000080062ba        0x2 
 .text.USBD_GetDescriptor
                0x00000000080062bc      0x2d4 ./Middlewares/ST/STM32_USB_Device_Library/Core/Src/usbd_ctlreq.o
 .text.USBD_SetAddress
                0x0000000008006590       0x88 ./Middlewares/ST/STM32_USB_Device_Library/Core/Src/usbd_ctlreq.o
 .text.USBD_SetConfig
                0x0000000008006618      0x154 ./Middlewares/ST/STM32_USB_Device_Library/Core/Src/usbd_ctlreq.o
 .text.USBD_GetConfig
                0x000000000800676c       0x6c ./Middlewares/ST/STM32_USB_Device_Library/Core/Src/usbd_ctlreq.o
 .text.USBD_GetStatus
                0x00000000080067d8       0x68 ./Middlewares/ST/STM32_USB_Device_Library/Core/Src/usbd_ctlreq.o
 .text.USBD_SetFeature
                0x0000000008006840       0x52 ./Middlewares/ST/STM32_USB_Device_Library/Core/Src/usbd_ctlreq.o
 .text.USBD_ClrFeature
                0x0000000008006892       0x44 ./Middlewares/ST/STM32_USB_Device_Library/Core/Src/usbd_ctlreq.o
 .text.USBD_ParseSetupRequest
                0x00000000080068d6       0x74 ./Middlewares/ST/STM32_USB_Device_Library/Core/Src/usbd_ctlreq.o
                0x00000000080068d6                USBD_ParseSetupRequest
 .text.USBD_CtlError
                0x000000000800694a       0x22 ./Middlewares/ST/STM32_USB_Device_Library/Core/Src/usbd_ctlreq.o
                0x000000000800694a                USBD_CtlError
 .text.USBD_GetString
                0x000000000800696c       0x8c ./Middlewares/ST/STM32_USB_Device_Library/Core/Src/usbd_ctlreq.o
                0x000000000800696c                USBD_GetString
 .text.USBD_GetLen
                0x00000000080069f8       0x34 ./Middlewares/ST/STM32_USB_Device_Library/Core/Src/usbd_ctlreq.o
 .text.USBD_CtlSendData
                0x0000000008006a2c       0x36 ./Middlewares/ST/STM32_USB_Device_Library/Core/Src/usbd_ioreq.o
                0x0000000008006a2c                USBD_CtlSendData
 .text.USBD_CtlContinueSendData
                0x0000000008006a62       0x22 ./Middlewares/ST/STM32_USB_Device_Library/Core/Src/usbd_ioreq.o
                0x0000000008006a62                USBD_CtlContinueSendData
 .text.USBD_CtlPrepareRx
                0x0000000008006a84       0x3a ./Middlewares/ST/STM32_USB_Device_Library/Core/Src/usbd_ioreq.o
                0x0000000008006a84                USBD_CtlPrepareRx
 .text.USBD_CtlContinueRx
                0x0000000008006abe       0x22 ./Middlewares/ST/STM32_USB_Device_Library/Core/Src/usbd_ioreq.o
                0x0000000008006abe                USBD_CtlContinueRx
 .text.USBD_CtlSendStatus
                0x0000000008006ae0       0x26 ./Middlewares/ST/STM32_USB_Device_Library/Core/Src/usbd_ioreq.o
                0x0000000008006ae0                USBD_CtlSendStatus
 .text.USBD_CtlReceiveStatus
                0x0000000008006b06       0x26 ./Middlewares/ST/STM32_USB_Device_Library/Core/Src/usbd_ioreq.o
                0x0000000008006b06                USBD_CtlReceiveStatus
 .text.MX_USB_DEVICE_Init
                0x0000000008006b2c       0x60 ./USB_DEVICE/App/usb_device.o
                0x0000000008006b2c                MX_USB_DEVICE_Init
 .text.CDC_Init_FS
                0x0000000008006b8c       0x28 ./USB_DEVICE/App/usbd_cdc_if.o
 .text.CDC_DeInit_FS
                0x0000000008006bb4       0x10 ./USB_DEVICE/App/usbd_cdc_if.o
 .text.CDC_Control_FS
                0x0000000008006bc4       0xbc ./USB_DEVICE/App/usbd_cdc_if.o
 .text.CDC_Receive_FS
                0x0000000008006c80       0x28 ./USB_DEVICE/App/usbd_cdc_if.o
                0x0000000008006c80                CDC_Receive_FS
 .text.CDC_Transmit_FS
                0x0000000008006ca8       0x4c ./USB_DEVICE/App/usbd_cdc_if.o
                0x0000000008006ca8                CDC_Transmit_FS
 .text.CDC_TransmitCplt_FS
                0x0000000008006cf4       0x22 ./USB_DEVICE/App/usbd_cdc_if.o
 *fill*         0x0000000008006d16        0x2 
 .text.USBD_FS_DeviceDescriptor
                0x0000000008006d18       0x24 ./USB_DEVICE/App/usbd_desc.o
                0x0000000008006d18                USBD_FS_DeviceDescriptor
 .text.USBD_FS_LangIDStrDescriptor
                0x0000000008006d3c       0x24 ./USB_DEVICE/App/usbd_desc.o
                0x0000000008006d3c                USBD_FS_LangIDStrDescriptor
 .text.USBD_FS_ProductStrDescriptor
                0x0000000008006d60       0x3c ./USB_DEVICE/App/usbd_desc.o
                0x0000000008006d60                USBD_FS_ProductStrDescriptor
 .text.USBD_FS_ManufacturerStrDescriptor
                0x0000000008006d9c       0x28 ./USB_DEVICE/App/usbd_desc.o
                0x0000000008006d9c                USBD_FS_ManufacturerStrDescriptor
 .text.USBD_FS_SerialStrDescriptor
                0x0000000008006dc4       0x24 ./USB_DEVICE/App/usbd_desc.o
                0x0000000008006dc4                USBD_FS_SerialStrDescriptor
 .text.USBD_FS_ConfigStrDescriptor
                0x0000000008006de8       0x3c ./USB_DEVICE/App/usbd_desc.o
                0x0000000008006de8                USBD_FS_ConfigStrDescriptor
 .text.USBD_FS_InterfaceStrDescriptor
                0x0000000008006e24       0x3c ./USB_DEVICE/App/usbd_desc.o
                0x0000000008006e24                USBD_FS_InterfaceStrDescriptor
 .text.Get_SerialNum
                0x0000000008006e60       0x58 ./USB_DEVICE/App/usbd_desc.o
 .text.IntToUnicode
                0x0000000008006eb8       0x7e ./USB_DEVICE/App/usbd_desc.o
 *fill*         0x0000000008006f36        0x2 
 .text.HAL_PCD_MspInit
                0x0000000008006f38       0xa8 ./USB_DEVICE/Target/usbd_conf.o
                0x0000000008006f38                HAL_PCD_MspInit
 .text.HAL_PCD_SetupStageCallback
                0x0000000008006fe0       0x24 ./USB_DEVICE/Target/usbd_conf.o
                0x0000000008006fe0                HAL_PCD_SetupStageCallback
 .text.HAL_PCD_DataOutStageCallback
                0x0000000008007004       0x36 ./USB_DEVICE/Target/usbd_conf.o
                0x0000000008007004                HAL_PCD_DataOutStageCallback
 .text.HAL_PCD_DataInStageCallback
                0x000000000800703a       0x34 ./USB_DEVICE/Target/usbd_conf.o
                0x000000000800703a                HAL_PCD_DataInStageCallback
 .text.HAL_PCD_SOFCallback
                0x000000000800706e       0x1c ./USB_DEVICE/Target/usbd_conf.o
                0x000000000800706e                HAL_PCD_SOFCallback
 .text.HAL_PCD_ResetCallback
                0x000000000800708a       0x3c ./USB_DEVICE/Target/usbd_conf.o
                0x000000000800708a                HAL_PCD_ResetCallback
 *fill*         0x00000000080070c6        0x2 
 .text.HAL_PCD_SuspendCallback
                0x00000000080070c8       0x4c ./USB_DEVICE/Target/usbd_conf.o
                0x00000000080070c8                HAL_PCD_SuspendCallback
 .text.HAL_PCD_ResumeCallback
                0x0000000008007114       0x1c ./USB_DEVICE/Target/usbd_conf.o
                0x0000000008007114                HAL_PCD_ResumeCallback
 .text.HAL_PCD_ISOOUTIncompleteCallback
                0x0000000008007130       0x24 ./USB_DEVICE/Target/usbd_conf.o
                0x0000000008007130                HAL_PCD_ISOOUTIncompleteCallback
 .text.HAL_PCD_ISOINIncompleteCallback
                0x0000000008007154       0x24 ./USB_DEVICE/Target/usbd_conf.o
                0x0000000008007154                HAL_PCD_ISOINIncompleteCallback
 .text.HAL_PCD_ConnectCallback
                0x0000000008007178       0x1c ./USB_DEVICE/Target/usbd_conf.o
                0x0000000008007178                HAL_PCD_ConnectCallback
 .text.HAL_PCD_DisconnectCallback
                0x0000000008007194       0x1c ./USB_DEVICE/Target/usbd_conf.o
                0x0000000008007194                HAL_PCD_DisconnectCallback
 .text.USBD_LL_Init
                0x00000000080071b0       0x98 ./USB_DEVICE/Target/usbd_conf.o
                0x00000000080071b0                USBD_LL_Init
 .text.USBD_LL_Start
                0x0000000008007248       0x36 ./USB_DEVICE/Target/usbd_conf.o
                0x0000000008007248                USBD_LL_Start
 .text.USBD_LL_OpenEP
                0x000000000800727e       0x4c ./USB_DEVICE/Target/usbd_conf.o
                0x000000000800727e                USBD_LL_OpenEP
 .text.USBD_LL_CloseEP
                0x00000000080072ca       0x3e ./USB_DEVICE/Target/usbd_conf.o
                0x00000000080072ca                USBD_LL_CloseEP
 .text.USBD_LL_StallEP
                0x0000000008007308       0x3e ./USB_DEVICE/Target/usbd_conf.o
                0x0000000008007308                USBD_LL_StallEP
 .text.USBD_LL_ClearStallEP
                0x0000000008007346       0x3e ./USB_DEVICE/Target/usbd_conf.o
                0x0000000008007346                USBD_LL_ClearStallEP
 .text.USBD_LL_IsStallEP
                0x0000000008007384       0x58 ./USB_DEVICE/Target/usbd_conf.o
                0x0000000008007384                USBD_LL_IsStallEP
 .text.USBD_LL_SetUSBAddress
                0x00000000080073dc       0x3e ./USB_DEVICE/Target/usbd_conf.o
                0x00000000080073dc                USBD_LL_SetUSBAddress
 .text.USBD_LL_Transmit
                0x000000000800741a       0x42 ./USB_DEVICE/Target/usbd_conf.o
                0x000000000800741a                USBD_LL_Transmit
 .text.USBD_LL_PrepareReceive
                0x000000000800745c       0x42 ./USB_DEVICE/Target/usbd_conf.o
                0x000000000800745c                USBD_LL_PrepareReceive
 .text.USBD_LL_GetRxDataSize
                0x000000000800749e       0x26 ./USB_DEVICE/Target/usbd_conf.o
                0x000000000800749e                USBD_LL_GetRxDataSize
 .text.USBD_static_malloc
                0x00000000080074c4       0x1c ./USB_DEVICE/Target/usbd_conf.o
                0x00000000080074c4                USBD_static_malloc
 .text.USBD_static_free
                0x00000000080074e0       0x14 ./USB_DEVICE/Target/usbd_conf.o
                0x00000000080074e0                USBD_static_free
 .text.USBD_Get_USB_Status
                0x00000000080074f4       0x58 ./USB_DEVICE/Target/usbd_conf.o
                0x00000000080074f4                USBD_Get_USB_Status
 .text.__libc_init_array
                0x000000000800754c       0x48 c:/st/stm32cubeide_1.11.0/stm32cubeide/plugins/com.st.stm32cube.ide.mcu.externaltools.gnu-tools-for-stm32.10.3-2021.10.win32_1.0.100.202210260954/tools/bin/../lib/gcc/arm-none-eabi/10.3.1/../../../../arm-none-eabi/lib/thumb/v7e-m+fp/hard\libc_nano.a(lib_a-init.o)
                0x000000000800754c                __libc_init_array
 .text.memset   0x0000000008007594       0x10 c:/st/stm32cubeide_1.11.0/stm32cubeide/plugins/com.st.stm32cube.ide.mcu.externaltools.gnu-tools-for-stm32.10.3-2021.10.win32_1.0.100.202210260954/tools/bin/../lib/gcc/arm-none-eabi/10.3.1/../../../../arm-none-eabi/lib/thumb/v7e-m+fp/hard\libc_nano.a(lib_a-memset.o)
                0x0000000008007594                memset
 *(.glue_7)
 .glue_7        0x00000000080075a4        0x0 linker stubs
 *(.glue_7t)
 .glue_7t       0x00000000080075a4        0x0 linker stubs
 *(.eh_frame)
 .eh_frame      0x00000000080075a4        0x0 c:/st/stm32cubeide_1.11.0/stm32cubeide/plugins/com.st.stm32cube.ide.mcu.externaltools.gnu-tools-for-stm32.10.3-2021.10.win32_1.0.100.202210260954/tools/bin/../lib/gcc/arm-none-eabi/10.3.1/thumb/v7e-m+fp/hard/crtbegin.o
 *(.init)
 .init          0x00000000080075a4        0x4 c:/st/stm32cubeide_1.11.0/stm32cubeide/plugins/com.st.stm32cube.ide.mcu.externaltools.gnu-tools-for-stm32.10.3-2021.10.win32_1.0.100.202210260954/tools/bin/../lib/gcc/arm-none-eabi/10.3.1/thumb/v7e-m+fp/hard/crti.o
                0x00000000080075a4                _init
 .init          0x00000000080075a8        0x8 c:/st/stm32cubeide_1.11.0/stm32cubeide/plugins/com.st.stm32cube.ide.mcu.externaltools.gnu-tools-for-stm32.10.3-2021.10.win32_1.0.100.202210260954/tools/bin/../lib/gcc/arm-none-eabi/10.3.1/thumb/v7e-m+fp/hard/crtn.o
 *(.fini)
 .fini          0x00000000080075b0        0x4 c:/st/stm32cubeide_1.11.0/stm32cubeide/plugins/com.st.stm32cube.ide.mcu.externaltools.gnu-tools-for-stm32.10.3-2021.10.win32_1.0.100.202210260954/tools/bin/../lib/gcc/arm-none-eabi/10.3.1/thumb/v7e-m+fp/hard/crti.o
                0x00000000080075b0                _fini
 .fini          0x00000000080075b4        0x8 c:/st/stm32cubeide_1.11.0/stm32cubeide/plugins/com.st.stm32cube.ide.mcu.externaltools.gnu-tools-for-stm32.10.3-2021.10.win32_1.0.100.202210260954/tools/bin/../lib/gcc/arm-none-eabi/10.3.1/thumb/v7e-m+fp/hard/crtn.o
                0x00000000080075bc                . = ALIGN (0x4)
                0x00000000080075bc                _etext = .

.vfp11_veneer   0x00000000080075bc        0x0
 .vfp11_veneer  0x00000000080075bc        0x0 linker stubs

.v4_bx          0x00000000080075bc        0x0
 .v4_bx         0x00000000080075bc        0x0 linker stubs

.iplt           0x00000000080075bc        0x0
 .iplt          0x00000000080075bc        0x0 c:/st/stm32cubeide_1.11.0/stm32cubeide/plugins/com.st.stm32cube.ide.mcu.externaltools.gnu-tools-for-stm32.10.3-2021.10.win32_1.0.100.202210260954/tools/bin/../lib/gcc/arm-none-eabi/10.3.1/thumb/v7e-m+fp/hard/crtbegin.o

.rodata         0x00000000080075bc       0x60
                0x00000000080075bc                . = ALIGN (0x4)
 *(.rodata)
 .rodata        0x00000000080075bc       0x46 ./USB_DEVICE/App/usbd_desc.o
 *(.rodata*)
 *fill*         0x0000000008007602        0x2 
 .rodata.AHBPrescTable
                0x0000000008007604       0x10 ./Core/Src/system_stm32f4xx.o
                0x0000000008007604                AHBPrescTable
 .rodata.APBPrescTable
                0x0000000008007614        0x8 ./Core/Src/system_stm32f4xx.o
                0x0000000008007614                APBPrescTable
                0x000000000800761c                . = ALIGN (0x4)

.ARM.extab      0x000000000800761c        0x0
                0x000000000800761c                . = ALIGN (0x4)
 *(.ARM.extab* .gnu.linkonce.armextab.*)
                0x000000000800761c                . = ALIGN (0x4)

.ARM            0x000000000800761c        0x8
                0x000000000800761c                . = ALIGN (0x4)
                0x000000000800761c                __exidx_start = .
 *(.ARM.exidx*)
 .ARM.exidx     0x000000000800761c        0x8 c:/st/stm32cubeide_1.11.0/stm32cubeide/plugins/com.st.stm32cube.ide.mcu.externaltools.gnu-tools-for-stm32.10.3-2021.10.win32_1.0.100.202210260954/tools/bin/../lib/gcc/arm-none-eabi/10.3.1/thumb/v7e-m+fp/hard\libgcc.a(_udivmoddi4.o)
                0x0000000008007624                __exidx_end = .
                0x0000000008007624                . = ALIGN (0x4)

.rel.dyn        0x0000000008007624        0x0
 .rel.iplt      0x0000000008007624        0x0 c:/st/stm32cubeide_1.11.0/stm32cubeide/plugins/com.st.stm32cube.ide.mcu.externaltools.gnu-tools-for-stm32.10.3-2021.10.win32_1.0.100.202210260954/tools/bin/../lib/gcc/arm-none-eabi/10.3.1/thumb/v7e-m+fp/hard/crtbegin.o

.preinit_array  0x0000000008007624        0x0
                0x0000000008007624                . = ALIGN (0x4)
                0x0000000008007624                PROVIDE (__preinit_array_start = .)
 *(.preinit_array*)
                0x0000000008007624                PROVIDE (__preinit_array_end = .)
                0x0000000008007624                . = ALIGN (0x4)

.init_array     0x0000000008007624        0x4
                0x0000000008007624                . = ALIGN (0x4)
                0x0000000008007624                PROVIDE (__init_array_start = .)
 *(SORT_BY_NAME(.init_array.*))
 *(.init_array*)
 .init_array    0x0000000008007624        0x4 c:/st/stm32cubeide_1.11.0/stm32cubeide/plugins/com.st.stm32cube.ide.mcu.externaltools.gnu-tools-for-stm32.10.3-2021.10.win32_1.0.100.202210260954/tools/bin/../lib/gcc/arm-none-eabi/10.3.1/thumb/v7e-m+fp/hard/crtbegin.o
                0x0000000008007628                PROVIDE (__init_array_end = .)
                0x0000000008007628                . = ALIGN (0x4)

.fini_array     0x0000000008007628        0x4
                0x0000000008007628                . = ALIGN (0x4)
                [!provide]                        PROVIDE (__fini_array_start = .)
 *(SORT_BY_NAME(.fini_array.*))
 *(.fini_array*)
 .fini_array    0x0000000008007628        0x4 c:/st/stm32cubeide_1.11.0/stm32cubeide/plugins/com.st.stm32cube.ide.mcu.externaltools.gnu-tools-for-stm32.10.3-2021.10.win32_1.0.100.202210260954/tools/bin/../lib/gcc/arm-none-eabi/10.3.1/thumb/v7e-m+fp/hard/crtbegin.o
                [!provide]                        PROVIDE (__fini_array_end = .)
                0x000000000800762c                . = ALIGN (0x4)
                0x000000000800762c                _sidata = LOADADDR (.data)

.data           0x0000000020000000      0x13c load address 0x000000000800762c
                0x0000000020000000                . = ALIGN (0x4)
                0x0000000020000000                _sdata = .
 *(.data)
 *(.data*)
 .data.usb_out  0x0000000020000000       0x20 ./Core/Src/main.o
                0x0000000020000000                usb_out
 .data.blink_led_cmd
                0x0000000020000020       0x20 ./Core/Src/main.o
                0x0000000020000020                blink_led_cmd
 .data.SystemCoreClock
                0x0000000020000040        0x4 ./Core/Src/system_stm32f4xx.o
                0x0000000020000040                SystemCoreClock
 .data.uwTickPrio
                0x0000000020000044        0x4 ./Drivers/STM32F4xx_HAL_Driver/Src/stm32f4xx_hal.o
                0x0000000020000044                uwTickPrio
 .data.uwTickFreq
                0x0000000020000048        0x1 ./Drivers/STM32F4xx_HAL_Driver/Src/stm32f4xx_hal.o
                0x0000000020000048                uwTickFreq
 *fill*         0x0000000020000049        0x3 
 .data.USBD_CDC_DeviceQualifierDesc
                0x000000002000004c        0xa ./Middlewares/ST/STM32_USB_Device_Library/Class/CDC/Src/usbd_cdc.o
 *fill*         0x0000000020000056        0x2 
 .data.USBD_CDC
                0x0000000020000058       0x38 ./Middlewares/ST/STM32_USB_Device_Library/Class/CDC/Src/usbd_cdc.o
                0x0000000020000058                USBD_CDC
 .data.USBD_CDC_CfgDesc
                0x0000000020000090       0x43 ./Middlewares/ST/STM32_USB_Device_Library/Class/CDC/Src/usbd_cdc.o
 .data.CDCInEpAdd
                0x00000000200000d3        0x1 ./Middlewares/ST/STM32_USB_Device_Library/Class/CDC/Src/usbd_cdc.o
 .data.CDCOutEpAdd
                0x00000000200000d4        0x1 ./Middlewares/ST/STM32_USB_Device_Library/Class/CDC/Src/usbd_cdc.o
 .data.CDCCmdEpAdd
                0x00000000200000d5        0x1 ./Middlewares/ST/STM32_USB_Device_Library/Class/CDC/Src/usbd_cdc.o
 *fill*         0x00000000200000d6        0x2 
 .data.USBD_Interface_fops_FS
                0x00000000200000d8       0x14 ./USB_DEVICE/App/usbd_cdc_if.o
                0x00000000200000d8                USBD_Interface_fops_FS
 .data.FS_Desc  0x00000000200000ec       0x1c ./USB_DEVICE/App/usbd_desc.o
                0x00000000200000ec                FS_Desc
 .data.USBD_FS_DeviceDesc
                0x0000000020000108       0x12 ./USB_DEVICE/App/usbd_desc.o
                0x0000000020000108                USBD_FS_DeviceDesc
 *fill*         0x000000002000011a        0x2 
 .data.USBD_LangIDDesc
                0x000000002000011c        0x4 ./USB_DEVICE/App/usbd_desc.o
                0x000000002000011c                USBD_LangIDDesc
 .data.USBD_StringSerial
                0x0000000020000120       0x1a ./USB_DEVICE/App/usbd_desc.o
                0x0000000020000120                USBD_StringSerial
 *(.RamFunc)
 *(.RamFunc*)
                0x000000002000013c                . = ALIGN (0x4)
 *fill*         0x000000002000013a        0x2 
                0x000000002000013c                _edata = .

.igot.plt       0x000000002000013c        0x0 load address 0x0000000008007768
 .igot.plt      0x000000002000013c        0x0 c:/st/stm32cubeide_1.11.0/stm32cubeide/plugins/com.st.stm32cube.ide.mcu.externaltools.gnu-tools-for-stm32.10.3-2021.10.win32_1.0.100.202210260954/tools/bin/../lib/gcc/arm-none-eabi/10.3.1/thumb/v7e-m+fp/hard/crtbegin.o
                0x000000002000013c                . = ALIGN (0x4)

.bss            0x000000002000013c     0x1494 load address 0x0000000008007768
                0x000000002000013c                _sbss = .
                0x000000002000013c                __bss_start__ = _sbss
 *(.bss)
 .bss           0x000000002000013c       0x1c c:/st/stm32cubeide_1.11.0/stm32cubeide/plugins/com.st.stm32cube.ide.mcu.externaltools.gnu-tools-for-stm32.10.3-2021.10.win32_1.0.100.202210260954/tools/bin/../lib/gcc/arm-none-eabi/10.3.1/thumb/v7e-m+fp/hard/crtbegin.o
 *(.bss*)
 .bss.huart1    0x0000000020000158       0x44 ./Core/Src/main.o
                0x0000000020000158                huart1
 .bss.led_bool  0x000000002000019c        0x2 ./Core/Src/main.o
                0x000000002000019c                led_bool
 *fill*         0x000000002000019e        0x2 
 .bss.usb_in    0x00000000200001a0       0x20 ./Core/Src/main.o
                0x00000000200001a0                usb_in
 .bss.uwTick    0x00000000200001c0        0x4 ./Drivers/STM32F4xx_HAL_Driver/Src/stm32f4xx_hal.o
                0x00000000200001c0                uwTick
 .bss.cfgidx.0  0x00000000200001c4        0x1 ./Middlewares/ST/STM32_USB_Device_Library/Core/Src/usbd_ctlreq.o
 *fill*         0x00000000200001c5        0x3 
 .bss.hUsbDeviceFS
                0x00000000200001c8      0x2dc ./USB_DEVICE/App/usb_device.o
                0x00000000200001c8                hUsbDeviceFS
 .bss.UserRxBufferFS
                0x00000000200004a4      0x400 ./USB_DEVICE/App/usbd_cdc_if.o
                0x00000000200004a4                UserRxBufferFS
 .bss.UserTxBufferFS
                0x00000000200008a4      0x400 ./USB_DEVICE/App/usbd_cdc_if.o
                0x00000000200008a4                UserTxBufferFS
 .bss.USBD_StrDesc
                0x0000000020000ca4      0x200 ./USB_DEVICE/App/usbd_desc.o
                0x0000000020000ca4                USBD_StrDesc
 .bss.hpcd_USB_OTG_FS
                0x0000000020000ea4      0x50c ./USB_DEVICE/Target/usbd_conf.o
                0x0000000020000ea4                hpcd_USB_OTG_FS
 .bss.mem.0     0x00000000200013b0      0x220 ./USB_DEVICE/Target/usbd_conf.o
 *(COMMON)
                0x00000000200015d0                . = ALIGN (0x4)
                0x00000000200015d0                _ebss = .
                0x00000000200015d0                __bss_end__ = _ebss

._user_heap_stack
                0x00000000200015d0      0x600 load address 0x0000000008007768
                0x00000000200015d0                . = ALIGN (0x8)
                [!provide]                        PROVIDE (end = .)
                0x00000000200015d0                PROVIDE (_end = .)
                0x00000000200017d0                . = (. + _Min_Heap_Size)
 *fill*         0x00000000200015d0      0x200 
                0x0000000020001bd0                . = (. + _Min_Stack_Size)
 *fill*         0x00000000200017d0      0x400 
                0x0000000020001bd0                . = ALIGN (0x8)

/DISCARD/
 libc.a(*)
 libm.a(*)
 libgcc.a(*)

.ARM.attributes
                0x0000000000000000       0x30
 *(.ARM.attributes)
 .ARM.attributes
                0x0000000000000000       0x1e c:/st/stm32cubeide_1.11.0/stm32cubeide/plugins/com.st.stm32cube.ide.mcu.externaltools.gnu-tools-for-stm32.10.3-2021.10.win32_1.0.100.202210260954/tools/bin/../lib/gcc/arm-none-eabi/10.3.1/thumb/v7e-m+fp/hard/crti.o
 .ARM.attributes
                0x000000000000001e       0x34 c:/st/stm32cubeide_1.11.0/stm32cubeide/plugins/com.st.stm32cube.ide.mcu.externaltools.gnu-tools-for-stm32.10.3-2021.10.win32_1.0.100.202210260954/tools/bin/../lib/gcc/arm-none-eabi/10.3.1/thumb/v7e-m+fp/hard/crtbegin.o
 .ARM.attributes
                0x0000000000000052       0x34 ./Core/Src/main.o
 .ARM.attributes
                0x0000000000000086       0x34 ./Core/Src/stm32f4xx_hal_msp.o
 .ARM.attributes
                0x00000000000000ba       0x34 ./Core/Src/stm32f4xx_it.o
 .ARM.attributes
                0x00000000000000ee       0x34 ./Core/Src/system_stm32f4xx.o
 .ARM.attributes
                0x0000000000000122       0x21 ./Core/Startup/startup_stm32f401ccux.o
 .ARM.attributes
                0x0000000000000143       0x34 ./Drivers/STM32F4xx_HAL_Driver/Src/stm32f4xx_hal.o
 .ARM.attributes
                0x0000000000000177       0x34 ./Drivers/STM32F4xx_HAL_Driver/Src/stm32f4xx_hal_cortex.o
 .ARM.attributes
                0x00000000000001ab       0x34 ./Drivers/STM32F4xx_HAL_Driver/Src/stm32f4xx_hal_gpio.o
 .ARM.attributes
                0x00000000000001df       0x34 ./Drivers/STM32F4xx_HAL_Driver/Src/stm32f4xx_hal_pcd.o
 .ARM.attributes
                0x0000000000000213       0x34 ./Drivers/STM32F4xx_HAL_Driver/Src/stm32f4xx_hal_pcd_ex.o
 .ARM.attributes
                0x0000000000000247       0x34 ./Drivers/STM32F4xx_HAL_Driver/Src/stm32f4xx_hal_rcc.o
 .ARM.attributes
                0x000000000000027b       0x34 ./Drivers/STM32F4xx_HAL_Driver/Src/stm32f4xx_hal_uart.o
 .ARM.attributes
                0x00000000000002af       0x34 ./Drivers/STM32F4xx_HAL_Driver/Src/stm32f4xx_ll_usb.o
 .ARM.attributes
                0x00000000000002e3       0x34 ./Middlewares/ST/STM32_USB_Device_Library/Class/CDC/Src/usbd_cdc.o
 .ARM.attributes
                0x0000000000000317       0x34 ./Middlewares/ST/STM32_USB_Device_Library/Core/Src/usbd_core.o
 .ARM.attributes
                0x000000000000034b       0x34 ./Middlewares/ST/STM32_USB_Device_Library/Core/Src/usbd_ctlreq.o
 .ARM.attributes
                0x000000000000037f       0x34 ./Middlewares/ST/STM32_USB_Device_Library/Core/Src/usbd_ioreq.o
 .ARM.attributes
                0x00000000000003b3       0x34 ./USB_DEVICE/App/usb_device.o
 .ARM.attributes
                0x00000000000003e7       0x34 ./USB_DEVICE/App/usbd_cdc_if.o
 .ARM.attributes
                0x000000000000041b       0x34 ./USB_DEVICE/App/usbd_desc.o
 .ARM.attributes
                0x000000000000044f       0x34 ./USB_DEVICE/Target/usbd_conf.o
 .ARM.attributes
                0x0000000000000483       0x34 c:/st/stm32cubeide_1.11.0/stm32cubeide/plugins/com.st.stm32cube.ide.mcu.externaltools.gnu-tools-for-stm32.10.3-2021.10.win32_1.0.100.202210260954/tools/bin/../lib/gcc/arm-none-eabi/10.3.1/../../../../arm-none-eabi/lib/thumb/v7e-m+fp/hard\libc_nano.a(lib_a-init.o)
 .ARM.attributes
                0x00000000000004b7       0x34 c:/st/stm32cubeide_1.11.0/stm32cubeide/plugins/com.st.stm32cube.ide.mcu.externaltools.gnu-tools-for-stm32.10.3-2021.10.win32_1.0.100.202210260954/tools/bin/../lib/gcc/arm-none-eabi/10.3.1/../../../../arm-none-eabi/lib/thumb/v7e-m+fp/hard\libc_nano.a(lib_a-memset.o)
 .ARM.attributes
                0x00000000000004eb       0x1c c:/st/stm32cubeide_1.11.0/stm32cubeide/plugins/com.st.stm32cube.ide.mcu.externaltools.gnu-tools-for-stm32.10.3-2021.10.win32_1.0.100.202210260954/tools/bin/../lib/gcc/arm-none-eabi/10.3.1/../../../../arm-none-eabi/lib/thumb/v7e-m+fp/hard\libc_nano.a(lib_a-strcmp.o)
 .ARM.attributes
                0x0000000000000507       0x1e c:/st/stm32cubeide_1.11.0/stm32cubeide/plugins/com.st.stm32cube.ide.mcu.externaltools.gnu-tools-for-stm32.10.3-2021.10.win32_1.0.100.202210260954/tools/bin/../lib/gcc/arm-none-eabi/10.3.1/thumb/v7e-m+fp/hard\libgcc.a(_aeabi_uldivmod.o)
 .ARM.attributes
                0x0000000000000525       0x34 c:/st/stm32cubeide_1.11.0/stm32cubeide/plugins/com.st.stm32cube.ide.mcu.externaltools.gnu-tools-for-stm32.10.3-2021.10.win32_1.0.100.202210260954/tools/bin/../lib/gcc/arm-none-eabi/10.3.1/thumb/v7e-m+fp/hard\libgcc.a(_udivmoddi4.o)
 .ARM.attributes
                0x0000000000000559       0x1e c:/st/stm32cubeide_1.11.0/stm32cubeide/plugins/com.st.stm32cube.ide.mcu.externaltools.gnu-tools-for-stm32.10.3-2021.10.win32_1.0.100.202210260954/tools/bin/../lib/gcc/arm-none-eabi/10.3.1/thumb/v7e-m+fp/hard\libgcc.a(_dvmd_tls.o)
 .ARM.attributes
                0x0000000000000577       0x1e c:/st/stm32cubeide_1.11.0/stm32cubeide/plugins/com.st.stm32cube.ide.mcu.externaltools.gnu-tools-for-stm32.10.3-2021.10.win32_1.0.100.202210260954/tools/bin/../lib/gcc/arm-none-eabi/10.3.1/thumb/v7e-m+fp/hard/crtn.o
OUTPUT(ST_serial.elf elf32-littlearm)
LOAD linker stubs
LOAD c:/st/stm32cubeide_1.11.0/stm32cubeide/plugins/com.st.stm32cube.ide.mcu.externaltools.gnu-tools-for-stm32.10.3-2021.10.win32_1.0.100.202210260954/tools/bin/../lib/gcc/arm-none-eabi/10.3.1/../../../../arm-none-eabi/lib/thumb/v7e-m+fp/hard\libc.a
LOAD c:/st/stm32cubeide_1.11.0/stm32cubeide/plugins/com.st.stm32cube.ide.mcu.externaltools.gnu-tools-for-stm32.10.3-2021.10.win32_1.0.100.202210260954/tools/bin/../lib/gcc/arm-none-eabi/10.3.1/../../../../arm-none-eabi/lib/thumb/v7e-m+fp/hard\libm.a
LOAD c:/st/stm32cubeide_1.11.0/stm32cubeide/plugins/com.st.stm32cube.ide.mcu.externaltools.gnu-tools-for-stm32.10.3-2021.10.win32_1.0.100.202210260954/tools/bin/../lib/gcc/arm-none-eabi/10.3.1/thumb/v7e-m+fp/hard\libgcc.a

.debug_info     0x0000000000000000    0x11cf7
 .debug_info    0x0000000000000000      0xea1 ./Core/Src/main.o
 .debug_info    0x0000000000000ea1      0x98f ./Core/Src/stm32f4xx_hal_msp.o
 .debug_info    0x0000000000001830      0x650 ./Core/Src/stm32f4xx_it.o
 .debug_info    0x0000000000001e80      0x54f ./Core/Src/system_stm32f4xx.o
 .debug_info    0x00000000000023cf       0x22 ./Core/Startup/startup_stm32f401ccux.o
 .debug_info    0x00000000000023f1      0x906 ./Drivers/STM32F4xx_HAL_Driver/Src/stm32f4xx_hal.o
 .debug_info    0x0000000000002cf7      0xd85 ./Drivers/STM32F4xx_HAL_Driver/Src/stm32f4xx_hal_cortex.o
 .debug_info    0x0000000000003a7c      0x78e ./Drivers/STM32F4xx_HAL_Driver/Src/stm32f4xx_hal_gpio.o
 .debug_info    0x000000000000420a     0x168d ./Drivers/STM32F4xx_HAL_Driver/Src/stm32f4xx_hal_pcd.o
 .debug_info    0x0000000000005897      0x717 ./Drivers/STM32F4xx_HAL_Driver/Src/stm32f4xx_hal_pcd_ex.o
 .debug_info    0x0000000000005fae      0x98c ./Drivers/STM32F4xx_HAL_Driver/Src/stm32f4xx_hal_rcc.o
 .debug_info    0x000000000000693a     0x31b4 ./Drivers/STM32F4xx_HAL_Driver/Src/stm32f4xx_hal_uart.o
 .debug_info    0x0000000000009aee     0x1a97 ./Drivers/STM32F4xx_HAL_Driver/Src/stm32f4xx_ll_usb.o
 .debug_info    0x000000000000b585     0x130c ./Middlewares/ST/STM32_USB_Device_Library/Class/CDC/Src/usbd_cdc.o
 .debug_info    0x000000000000c891      0xee7 ./Middlewares/ST/STM32_USB_Device_Library/Core/Src/usbd_core.o
 .debug_info    0x000000000000d778      0xb7f ./Middlewares/ST/STM32_USB_Device_Library/Core/Src/usbd_ctlreq.o
 .debug_info    0x000000000000e2f7      0x7da ./Middlewares/ST/STM32_USB_Device_Library/Core/Src/usbd_ioreq.o
 .debug_info    0x000000000000ead1      0x76a ./USB_DEVICE/App/usb_device.o
 .debug_info    0x000000000000f23b      0x96f ./USB_DEVICE/App/usbd_cdc_if.o
 .debug_info    0x000000000000fbaa      0x498 ./USB_DEVICE/App/usbd_desc.o
 .debug_info    0x0000000000010042     0x1cb5 ./USB_DEVICE/Target/usbd_conf.o

.debug_abbrev   0x0000000000000000     0x2d2d
 .debug_abbrev  0x0000000000000000      0x2e1 ./Core/Src/main.o
 .debug_abbrev  0x00000000000002e1      0x19b ./Core/Src/stm32f4xx_hal_msp.o
 .debug_abbrev  0x000000000000047c      0x199 ./Core/Src/stm32f4xx_it.o
 .debug_abbrev  0x0000000000000615      0x116 ./Core/Src/system_stm32f4xx.o
 .debug_abbrev  0x000000000000072b       0x12 ./Core/Startup/startup_stm32f401ccux.o
 .debug_abbrev  0x000000000000073d      0x23e ./Drivers/STM32F4xx_HAL_Driver/Src/stm32f4xx_hal.o
 .debug_abbrev  0x000000000000097b      0x316 ./Drivers/STM32F4xx_HAL_Driver/Src/stm32f4xx_hal_cortex.o
 .debug_abbrev  0x0000000000000c91      0x1c4 ./Drivers/STM32F4xx_HAL_Driver/Src/stm32f4xx_hal_gpio.o
 .debug_abbrev  0x0000000000000e55      0x2bb ./Drivers/STM32F4xx_HAL_Driver/Src/stm32f4xx_hal_pcd.o
 .debug_abbrev  0x0000000000001110      0x1ce ./Drivers/STM32F4xx_HAL_Driver/Src/stm32f4xx_hal_pcd_ex.o
 .debug_abbrev  0x00000000000012de      0x2aa ./Drivers/STM32F4xx_HAL_Driver/Src/stm32f4xx_hal_rcc.o
 .debug_abbrev  0x0000000000001588      0x305 ./Drivers/STM32F4xx_HAL_Driver/Src/stm32f4xx_hal_uart.o
 .debug_abbrev  0x000000000000188d      0x296 ./Drivers/STM32F4xx_HAL_Driver/Src/stm32f4xx_ll_usb.o
 .debug_abbrev  0x0000000000001b23      0x2be ./Middlewares/ST/STM32_USB_Device_Library/Class/CDC/Src/usbd_cdc.o
 .debug_abbrev  0x0000000000001de1      0x263 ./Middlewares/ST/STM32_USB_Device_Library/Core/Src/usbd_core.o
 .debug_abbrev  0x0000000000002044      0x25c ./Middlewares/ST/STM32_USB_Device_Library/Core/Src/usbd_ctlreq.o
 .debug_abbrev  0x00000000000022a0      0x18a ./Middlewares/ST/STM32_USB_Device_Library/Core/Src/usbd_ioreq.o
 .debug_abbrev  0x000000000000242a      0x18a ./USB_DEVICE/App/usb_device.o
 .debug_abbrev  0x00000000000025b4      0x274 ./USB_DEVICE/App/usbd_cdc_if.o
 .debug_abbrev  0x0000000000002828      0x1da ./USB_DEVICE/App/usbd_desc.o
 .debug_abbrev  0x0000000000002a02      0x32b ./USB_DEVICE/Target/usbd_conf.o

.debug_aranges  0x0000000000000000      0xd88
 .debug_aranges
                0x0000000000000000       0x78 ./Core/Src/main.o
 .debug_aranges
                0x0000000000000078       0x30 ./Core/Src/stm32f4xx_hal_msp.o
 .debug_aranges
                0x00000000000000a8       0x68 ./Core/Src/stm32f4xx_it.o
 .debug_aranges
                0x0000000000000110       0x28 ./Core/Src/system_stm32f4xx.o
 .debug_aranges
                0x0000000000000138       0x28 ./Core/Startup/startup_stm32f401ccux.o
 .debug_aranges
                0x0000000000000160       0xf0 ./Drivers/STM32F4xx_HAL_Driver/Src/stm32f4xx_hal.o
 .debug_aranges
                0x0000000000000250      0x118 ./Drivers/STM32F4xx_HAL_Driver/Src/stm32f4xx_hal_cortex.o
 .debug_aranges
                0x0000000000000368       0x58 ./Drivers/STM32F4xx_HAL_Driver/Src/stm32f4xx_hal_gpio.o
 .debug_aranges
                0x00000000000003c0      0x148 ./Drivers/STM32F4xx_HAL_Driver/Src/stm32f4xx_hal_pcd.o
 .debug_aranges
                0x0000000000000508       0x38 ./Drivers/STM32F4xx_HAL_Driver/Src/stm32f4xx_hal_pcd_ex.o
 .debug_aranges
                0x0000000000000540       0x88 ./Drivers/STM32F4xx_HAL_Driver/Src/stm32f4xx_hal_rcc.o
 .debug_aranges
                0x00000000000005c8      0x200 ./Drivers/STM32F4xx_HAL_Driver/Src/stm32f4xx_hal_uart.o
 .debug_aranges
                0x00000000000007c8      0x1a0 ./Drivers/STM32F4xx_HAL_Driver/Src/stm32f4xx_ll_usb.o
 .debug_aranges
                0x0000000000000968       0x90 ./Middlewares/ST/STM32_USB_Device_Library/Class/CDC/Src/usbd_cdc.o
 .debug_aranges
                0x00000000000009f8       0xd8 ./Middlewares/ST/STM32_USB_Device_Library/Core/Src/usbd_core.o
 .debug_aranges
                0x0000000000000ad0       0x90 ./Middlewares/ST/STM32_USB_Device_Library/Core/Src/usbd_ctlreq.o
 .debug_aranges
                0x0000000000000b60       0x50 ./Middlewares/ST/STM32_USB_Device_Library/Core/Src/usbd_ioreq.o
 .debug_aranges
                0x0000000000000bb0       0x20 ./USB_DEVICE/App/usb_device.o
 .debug_aranges
                0x0000000000000bd0       0x48 ./USB_DEVICE/App/usbd_cdc_if.o
 .debug_aranges
                0x0000000000000c18       0x60 ./USB_DEVICE/App/usbd_desc.o
 .debug_aranges
                0x0000000000000c78      0x110 ./USB_DEVICE/Target/usbd_conf.o

.debug_ranges   0x0000000000000000      0xc70
 .debug_ranges  0x0000000000000000       0x68 ./Core/Src/main.o
 .debug_ranges  0x0000000000000068       0x20 ./Core/Src/stm32f4xx_hal_msp.o
 .debug_ranges  0x0000000000000088       0x58 ./Core/Src/stm32f4xx_it.o
 .debug_ranges  0x00000000000000e0       0x18 ./Core/Src/system_stm32f4xx.o
 .debug_ranges  0x00000000000000f8       0x20 ./Core/Startup/startup_stm32f401ccux.o
 .debug_ranges  0x0000000000000118       0xe0 ./Drivers/STM32F4xx_HAL_Driver/Src/stm32f4xx_hal.o
 .debug_ranges  0x00000000000001f8      0x108 ./Drivers/STM32F4xx_HAL_Driver/Src/stm32f4xx_hal_cortex.o
 .debug_ranges  0x0000000000000300       0x48 ./Drivers/STM32F4xx_HAL_Driver/Src/stm32f4xx_hal_gpio.o
 .debug_ranges  0x0000000000000348      0x138 ./Drivers/STM32F4xx_HAL_Driver/Src/stm32f4xx_hal_pcd.o
 .debug_ranges  0x0000000000000480       0x28 ./Drivers/STM32F4xx_HAL_Driver/Src/stm32f4xx_hal_pcd_ex.o
 .debug_ranges  0x00000000000004a8       0x78 ./Drivers/STM32F4xx_HAL_Driver/Src/stm32f4xx_hal_rcc.o
 .debug_ranges  0x0000000000000520      0x220 ./Drivers/STM32F4xx_HAL_Driver/Src/stm32f4xx_hal_uart.o
 .debug_ranges  0x0000000000000740      0x190 ./Drivers/STM32F4xx_HAL_Driver/Src/stm32f4xx_ll_usb.o
 .debug_ranges  0x00000000000008d0       0x80 ./Middlewares/ST/STM32_USB_Device_Library/Class/CDC/Src/usbd_cdc.o
 .debug_ranges  0x0000000000000950       0xc8 ./Middlewares/ST/STM32_USB_Device_Library/Core/Src/usbd_core.o
 .debug_ranges  0x0000000000000a18       0x80 ./Middlewares/ST/STM32_USB_Device_Library/Core/Src/usbd_ctlreq.o
 .debug_ranges  0x0000000000000a98       0x40 ./Middlewares/ST/STM32_USB_Device_Library/Core/Src/usbd_ioreq.o
 .debug_ranges  0x0000000000000ad8       0x10 ./USB_DEVICE/App/usb_device.o
 .debug_ranges  0x0000000000000ae8       0x38 ./USB_DEVICE/App/usbd_cdc_if.o
 .debug_ranges  0x0000000000000b20       0x50 ./USB_DEVICE/App/usbd_desc.o
 .debug_ranges  0x0000000000000b70      0x100 ./USB_DEVICE/Target/usbd_conf.o

.debug_macro    0x0000000000000000    0x18fbc
 .debug_macro   0x0000000000000000      0x3fd ./Core/Src/main.o
 .debug_macro   0x00000000000003fd      0xa78 ./Core/Src/main.o
 .debug_macro   0x0000000000000e75      0x29b ./Core/Src/main.o
 .debug_macro   0x0000000000001110       0x2e ./Core/Src/main.o
 .debug_macro   0x000000000000113e       0x28 ./Core/Src/main.o
 .debug_macro   0x0000000000001166       0x22 ./Core/Src/main.o
 .debug_macro   0x0000000000001188       0x8e ./Core/Src/main.o
 .debug_macro   0x0000000000001216       0x51 ./Core/Src/main.o
 .debug_macro   0x0000000000001267      0x103 ./Core/Src/main.o
 .debug_macro   0x000000000000136a       0x6a ./Core/Src/main.o
 .debug_macro   0x00000000000013d4      0x1df ./Core/Src/main.o
 .debug_macro   0x00000000000015b3       0x1c ./Core/Src/main.o
 .debug_macro   0x00000000000015cf       0x22 ./Core/Src/main.o
 .debug_macro   0x00000000000015f1       0xd9 ./Core/Src/main.o
 .debug_macro   0x00000000000016ca     0x102d ./Core/Src/main.o
 .debug_macro   0x00000000000026f7      0x11f ./Core/Src/main.o
 .debug_macro   0x0000000000002816     0xb86c ./Core/Src/main.o
 .debug_macro   0x000000000000e082       0x6d ./Core/Src/main.o
 .debug_macro   0x000000000000e0ef     0x367e ./Core/Src/main.o
 .debug_macro   0x000000000001176d      0x174 ./Core/Src/main.o
 .debug_macro   0x00000000000118e1       0x5c ./Core/Src/main.o
 .debug_macro   0x000000000001193d      0x416 ./Core/Src/main.o
 .debug_macro   0x0000000000011d53      0x9fe ./Core/Src/main.o
 .debug_macro   0x0000000000012751      0x115 ./Core/Src/main.o
 .debug_macro   0x0000000000012866       0xf8 ./Core/Src/main.o
 .debug_macro   0x000000000001295e       0xa5 ./Core/Src/main.o
 .debug_macro   0x0000000000012a03      0x15f ./Core/Src/main.o
 .debug_macro   0x0000000000012b62      0x287 ./Core/Src/main.o
 .debug_macro   0x0000000000012de9       0x5f ./Core/Src/main.o
 .debug_macro   0x0000000000012e48      0x236 ./Core/Src/main.o
 .debug_macro   0x000000000001307e      0x132 ./Core/Src/main.o
 .debug_macro   0x00000000000131b0      0x23a ./Core/Src/main.o
 .debug_macro   0x00000000000133ea       0x2e ./Core/Src/main.o
 .debug_macro   0x0000000000013418      0x11a ./Core/Src/main.o
 .debug_macro   0x0000000000013532       0x85 ./Core/Src/main.o
 .debug_macro   0x00000000000135b7       0x89 ./Core/Src/main.o
 .debug_macro   0x0000000000013640      0x295 ./Core/Src/main.o
 .debug_macro   0x00000000000138d5      0x248 ./Core/Src/main.o
 .debug_macro   0x0000000000013b1d       0xba ./Core/Src/main.o
 .debug_macro   0x0000000000013bd7      0x126 ./Core/Src/main.o
 .debug_macro   0x0000000000013cfd       0x10 ./Core/Src/main.o
 .debug_macro   0x0000000000013d0d       0x52 ./Core/Src/main.o
 .debug_macro   0x0000000000013d5f       0x1e ./Core/Src/main.o
 .debug_macro   0x0000000000013d7d       0x3c ./Core/Src/main.o
 .debug_macro   0x0000000000013db9       0x34 ./Core/Src/main.o
 .debug_macro   0x0000000000013ded       0x16 ./Core/Src/main.o
 .debug_macro   0x0000000000013e03       0x35 ./Core/Src/main.o
 .debug_macro   0x0000000000013e38      0x341 ./Core/Src/main.o
 .debug_macro   0x0000000000014179       0x10 ./Core/Src/main.o
 .debug_macro   0x0000000000014189       0x16 ./Core/Src/main.o
 .debug_macro   0x000000000001419f       0x43 ./Core/Src/main.o
 .debug_macro   0x00000000000141e2       0x34 ./Core/Src/main.o
 .debug_macro   0x0000000000014216       0x10 ./Core/Src/main.o
 .debug_macro   0x0000000000014226       0x58 ./Core/Src/main.o
 .debug_macro   0x000000000001427e       0x71 ./Core/Src/main.o
 .debug_macro   0x00000000000142ef       0x1c ./Core/Src/main.o
 .debug_macro   0x000000000001430b      0x12a ./Core/Src/main.o
 .debug_macro   0x0000000000014435       0x10 ./Core/Src/main.o
 .debug_macro   0x0000000000014445       0x1c ./Core/Src/main.o
 .debug_macro   0x0000000000014461       0x52 ./Core/Src/main.o
 .debug_macro   0x00000000000144b3       0x22 ./Core/Src/main.o
 .debug_macro   0x00000000000144d5       0x10 ./Core/Src/main.o
 .debug_macro   0x00000000000144e5       0x52 ./Core/Src/main.o
 .debug_macro   0x0000000000014537       0xd5 ./Core/Src/main.o
 .debug_macro   0x000000000001460c       0x1c ./Core/Src/main.o
 .debug_macro   0x0000000000014628       0x3d ./Core/Src/main.o
 .debug_macro   0x0000000000014665       0x16 ./Core/Src/main.o
 .debug_macro   0x000000000001467b      0x145 ./Core/Src/main.o
 .debug_macro   0x00000000000147c0       0x16 ./Core/Src/main.o
 .debug_macro   0x00000000000147d6       0x16 ./Core/Src/main.o
 .debug_macro   0x00000000000147ec       0x29 ./Core/Src/main.o
 .debug_macro   0x0000000000014815       0x16 ./Core/Src/main.o
 .debug_macro   0x000000000001482b       0x20 ./Core/Src/main.o
 .debug_macro   0x000000000001484b       0x65 ./Core/Src/main.o
 .debug_macro   0x00000000000148b0      0x20f ./Core/Src/main.o
 .debug_macro   0x0000000000014abf      0x77a ./Core/Src/main.o
 .debug_macro   0x0000000000015239      0x149 ./Core/Src/main.o
 .debug_macro   0x0000000000015382      0x1ad ./Core/Src/main.o
 .debug_macro   0x000000000001552f      0x1ed ./Core/Src/stm32f4xx_hal_msp.o
 .debug_macro   0x000000000001571c      0x1f7 ./Core/Src/stm32f4xx_it.o
 .debug_macro   0x0000000000015913      0x1de ./Core/Src/system_stm32f4xx.o
 .debug_macro   0x0000000000015af1      0x23e ./Drivers/STM32F4xx_HAL_Driver/Src/stm32f4xx_hal.o
 .debug_macro   0x0000000000015d2f      0x1de ./Drivers/STM32F4xx_HAL_Driver/Src/stm32f4xx_hal_cortex.o
 .debug_macro   0x0000000000015f0d      0x1e4 ./Drivers/STM32F4xx_HAL_Driver/Src/stm32f4xx_hal_gpio.o
 .debug_macro   0x00000000000160f1      0x1ea ./Drivers/STM32F4xx_HAL_Driver/Src/stm32f4xx_hal_pcd.o
 .debug_macro   0x00000000000162db      0x1de ./Drivers/STM32F4xx_HAL_Driver/Src/stm32f4xx_hal_pcd_ex.o
 .debug_macro   0x00000000000164b9      0x202 ./Drivers/STM32F4xx_HAL_Driver/Src/stm32f4xx_hal_rcc.o
 .debug_macro   0x00000000000166bb      0x1df ./Drivers/STM32F4xx_HAL_Driver/Src/stm32f4xx_hal_uart.o
 .debug_macro   0x000000000001689a      0x1de ./Drivers/STM32F4xx_HAL_Driver/Src/stm32f4xx_ll_usb.o
 .debug_macro   0x0000000000016a78      0x403 ./Middlewares/ST/STM32_USB_Device_Library/Class/CDC/Src/usbd_cdc.o
 .debug_macro   0x0000000000016e7b       0x97 ./Middlewares/ST/STM32_USB_Device_Library/Class/CDC/Src/usbd_cdc.o
 .debug_macro   0x0000000000016f12       0xfd ./Middlewares/ST/STM32_USB_Device_Library/Class/CDC/Src/usbd_cdc.o
 .debug_macro   0x000000000001700f       0x56 ./Middlewares/ST/STM32_USB_Device_Library/Class/CDC/Src/usbd_cdc.o
 .debug_macro   0x0000000000017065       0x95 ./Middlewares/ST/STM32_USB_Device_Library/Class/CDC/Src/usbd_cdc.o
 .debug_macro   0x00000000000170fa      0x3ea ./Middlewares/ST/STM32_USB_Device_Library/Core/Src/usbd_core.o
 .debug_macro   0x00000000000174e4      0x215 ./Middlewares/ST/STM32_USB_Device_Library/Core/Src/usbd_core.o
 .debug_macro   0x00000000000176f9      0x3f4 ./Middlewares/ST/STM32_USB_Device_Library/Core/Src/usbd_ctlreq.o
 .debug_macro   0x0000000000017aed      0x3f0 ./Middlewares/ST/STM32_USB_Device_Library/Core/Src/usbd_ioreq.o
 .debug_macro   0x0000000000017edd      0x423 ./USB_DEVICE/App/usb_device.o
 .debug_macro   0x0000000000018300       0x16 ./USB_DEVICE/App/usb_device.o
 .debug_macro   0x0000000000018316       0x22 ./USB_DEVICE/App/usb_device.o
 .debug_macro   0x0000000000018338       0x16 ./USB_DEVICE/App/usb_device.o
 .debug_macro   0x000000000001834e      0x40e ./USB_DEVICE/App/usbd_cdc_if.o
 .debug_macro   0x000000000001875c       0x10 ./USB_DEVICE/App/usbd_cdc_if.o
 .debug_macro   0x000000000001876c      0x42d ./USB_DEVICE/App/usbd_desc.o
 .debug_macro   0x0000000000018b99       0x1c ./USB_DEVICE/App/usbd_desc.o
 .debug_macro   0x0000000000018bb5      0x407 ./USB_DEVICE/Target/usbd_conf.o

.debug_line     0x0000000000000000    0x119d0
 .debug_line    0x0000000000000000      0xbbb ./Core/Src/main.o
 .debug_line    0x0000000000000bbb      0x726 ./Core/Src/stm32f4xx_hal_msp.o
 .debug_line    0x00000000000012e1      0x7b4 ./Core/Src/stm32f4xx_it.o
 .debug_line    0x0000000000001a95      0x75b ./Core/Src/system_stm32f4xx.o
 .debug_line    0x00000000000021f0       0x88 ./Core/Startup/startup_stm32f401ccux.o
 .debug_line    0x0000000000002278      0x9c1 ./Drivers/STM32F4xx_HAL_Driver/Src/stm32f4xx_hal.o
 .debug_line    0x0000000000002c39      0xc70 ./Drivers/STM32F4xx_HAL_Driver/Src/stm32f4xx_hal_cortex.o
 .debug_line    0x00000000000038a9      0xaf9 ./Drivers/STM32F4xx_HAL_Driver/Src/stm32f4xx_hal_gpio.o
 .debug_line    0x00000000000043a2     0x1464 ./Drivers/STM32F4xx_HAL_Driver/Src/stm32f4xx_hal_pcd.o
 .debug_line    0x0000000000005806      0x7a4 ./Drivers/STM32F4xx_HAL_Driver/Src/stm32f4xx_hal_pcd_ex.o
 .debug_line    0x0000000000005faa      0xd3b ./Drivers/STM32F4xx_HAL_Driver/Src/stm32f4xx_hal_rcc.o
 .debug_line    0x0000000000006ce5     0x2a66 ./Drivers/STM32F4xx_HAL_Driver/Src/stm32f4xx_hal_uart.o
 .debug_line    0x000000000000974b     0x1a7e ./Drivers/STM32F4xx_HAL_Driver/Src/stm32f4xx_ll_usb.o
 .debug_line    0x000000000000b1c9      0xeee ./Middlewares/ST/STM32_USB_Device_Library/Class/CDC/Src/usbd_cdc.o
 .debug_line    0x000000000000c0b7      0xf68 ./Middlewares/ST/STM32_USB_Device_Library/Core/Src/usbd_core.o
 .debug_line    0x000000000000d01f     0x1139 ./Middlewares/ST/STM32_USB_Device_Library/Core/Src/usbd_ctlreq.o
 .debug_line    0x000000000000e158      0xa80 ./Middlewares/ST/STM32_USB_Device_Library/Core/Src/usbd_ioreq.o
 .debug_line    0x000000000000ebd8      0xa3c ./USB_DEVICE/App/usb_device.o
 .debug_line    0x000000000000f614      0xa9f ./USB_DEVICE/App/usbd_cdc_if.o
 .debug_line    0x00000000000100b3      0xb05 ./USB_DEVICE/App/usbd_desc.o
 .debug_line    0x0000000000010bb8      0xe18 ./USB_DEVICE/Target/usbd_conf.o

.debug_str      0x0000000000000000    0x8e00b
 .debug_str     0x0000000000000000    0x8a2fe ./Core/Src/main.o
                                      0x8a694 (size before relaxing)
 .debug_str     0x000000000008a2fe       0x66 ./Core/Src/stm32f4xx_hal_msp.o
                                      0x80548 (size before relaxing)
 .debug_str     0x000000000008a364      0x443 ./Core/Src/stm32f4xx_it.o
                                      0x803db (size before relaxing)
 .debug_str     0x000000000008a7a7       0xdb ./Core/Src/system_stm32f4xx.o
                                      0x800c5 (size before relaxing)
 .debug_str     0x000000000008a882       0x36 ./Core/Startup/startup_stm32f401ccux.o
                                         0xa4 (size before relaxing)
 .debug_str     0x000000000008a8b8      0x9ae ./Drivers/STM32F4xx_HAL_Driver/Src/stm32f4xx_hal.o
                                      0x80ae7 (size before relaxing)
 .debug_str     0x000000000008b266      0x34d ./Drivers/STM32F4xx_HAL_Driver/Src/stm32f4xx_hal_cortex.o
                                      0x80808 (size before relaxing)
 .debug_str     0x000000000008b5b3      0x10e ./Drivers/STM32F4xx_HAL_Driver/Src/stm32f4xx_hal_gpio.o
                                      0x80240 (size before relaxing)
 .debug_str     0x000000000008b6c1      0x832 ./Drivers/STM32F4xx_HAL_Driver/Src/stm32f4xx_hal_pcd.o
                                      0x80b75 (size before relaxing)
 .debug_str     0x000000000008bef3      0x115 ./Drivers/STM32F4xx_HAL_Driver/Src/stm32f4xx_hal_pcd_ex.o
                                      0x80464 (size before relaxing)
 .debug_str     0x000000000008c008      0x21f ./Drivers/STM32F4xx_HAL_Driver/Src/stm32f4xx_hal_rcc.o
                                      0x804f9 (size before relaxing)
 .debug_str     0x000000000008c227      0x644 ./Drivers/STM32F4xx_HAL_Driver/Src/stm32f4xx_hal_uart.o
                                      0x80a86 (size before relaxing)
 .debug_str     0x000000000008c86b      0x444 ./Drivers/STM32F4xx_HAL_Driver/Src/stm32f4xx_ll_usb.o
                                      0x809dd (size before relaxing)
 .debug_str     0x000000000008ccaf      0xa15 ./Middlewares/ST/STM32_USB_Device_Library/Class/CDC/Src/usbd_cdc.o
                                      0x85701 (size before relaxing)
 .debug_str     0x000000000008d6c4      0x35c ./Middlewares/ST/STM32_USB_Device_Library/Core/Src/usbd_core.o
                                      0x85077 (size before relaxing)
 .debug_str     0x000000000008da20      0x139 ./Middlewares/ST/STM32_USB_Device_Library/Core/Src/usbd_ctlreq.o
                                      0x84ea2 (size before relaxing)
 .debug_str     0x000000000008db59       0x51 ./Middlewares/ST/STM32_USB_Device_Library/Core/Src/usbd_ioreq.o
                                      0x84d77 (size before relaxing)
 .debug_str     0x000000000008dbaa      0x105 ./USB_DEVICE/App/usb_device.o
                                      0x8512a (size before relaxing)
 .debug_str     0x000000000008dcaf       0x7b ./USB_DEVICE/App/usbd_cdc_if.o
                                      0x8516a (size before relaxing)
 .debug_str     0x000000000008dd2a      0x26e ./USB_DEVICE/App/usbd_desc.o
                                      0x84c77 (size before relaxing)
 .debug_str     0x000000000008df98       0x73 ./USB_DEVICE/Target/usbd_conf.o
                                      0x85dff (size before relaxing)

.comment        0x0000000000000000       0x50
 .comment       0x0000000000000000       0x50 ./Core/Src/main.o
                                         0x51 (size before relaxing)
 .comment       0x0000000000000050       0x51 ./Core/Src/stm32f4xx_hal_msp.o
 .comment       0x0000000000000050       0x51 ./Core/Src/stm32f4xx_it.o
 .comment       0x0000000000000050       0x51 ./Core/Src/system_stm32f4xx.o
 .comment       0x0000000000000050       0x51 ./Drivers/STM32F4xx_HAL_Driver/Src/stm32f4xx_hal.o
 .comment       0x0000000000000050       0x51 ./Drivers/STM32F4xx_HAL_Driver/Src/stm32f4xx_hal_cortex.o
 .comment       0x0000000000000050       0x51 ./Drivers/STM32F4xx_HAL_Driver/Src/stm32f4xx_hal_gpio.o
 .comment       0x0000000000000050       0x51 ./Drivers/STM32F4xx_HAL_Driver/Src/stm32f4xx_hal_pcd.o
 .comment       0x0000000000000050       0x51 ./Drivers/STM32F4xx_HAL_Driver/Src/stm32f4xx_hal_pcd_ex.o
 .comment       0x0000000000000050       0x51 ./Drivers/STM32F4xx_HAL_Driver/Src/stm32f4xx_hal_rcc.o
 .comment       0x0000000000000050       0x51 ./Drivers/STM32F4xx_HAL_Driver/Src/stm32f4xx_hal_uart.o
 .comment       0x0000000000000050       0x51 ./Drivers/STM32F4xx_HAL_Driver/Src/stm32f4xx_ll_usb.o
 .comment       0x0000000000000050       0x51 ./Middlewares/ST/STM32_USB_Device_Library/Class/CDC/Src/usbd_cdc.o
 .comment       0x0000000000000050       0x51 ./Middlewares/ST/STM32_USB_Device_Library/Core/Src/usbd_core.o
 .comment       0x0000000000000050       0x51 ./Middlewares/ST/STM32_USB_Device_Library/Core/Src/usbd_ctlreq.o
 .comment       0x0000000000000050       0x51 ./Middlewares/ST/STM32_USB_Device_Library/Core/Src/usbd_ioreq.o
 .comment       0x0000000000000050       0x51 ./USB_DEVICE/App/usb_device.o
 .comment       0x0000000000000050       0x51 ./USB_DEVICE/App/usbd_cdc_if.o
 .comment       0x0000000000000050       0x51 ./USB_DEVICE/App/usbd_desc.o
 .comment       0x0000000000000050       0x51 ./USB_DEVICE/Target/usbd_conf.o

.debug_frame    0x0000000000000000     0x3714
 .debug_frame   0x0000000000000000      0x1ac ./Core/Src/main.o
 .debug_frame   0x00000000000001ac       0x80 ./Core/Src/stm32f4xx_hal_msp.o
 .debug_frame   0x000000000000022c      0x120 ./Core/Src/stm32f4xx_it.o
 .debug_frame   0x000000000000034c       0x58 ./Core/Src/system_stm32f4xx.o
 .debug_frame   0x00000000000003a4      0x374 ./Drivers/STM32F4xx_HAL_Driver/Src/stm32f4xx_hal.o
 .debug_frame   0x0000000000000718      0x498 ./Drivers/STM32F4xx_HAL_Driver/Src/stm32f4xx_hal_cortex.o
 .debug_frame   0x0000000000000bb0      0x14c ./Drivers/STM32F4xx_HAL_Driver/Src/stm32f4xx_hal_gpio.o
 .debug_frame   0x0000000000000cfc      0x5bc ./Drivers/STM32F4xx_HAL_Driver/Src/stm32f4xx_hal_pcd.o
 .debug_frame   0x00000000000012b8       0xb0 ./Drivers/STM32F4xx_HAL_Driver/Src/stm32f4xx_hal_pcd_ex.o
 .debug_frame   0x0000000000001368      0x1f4 ./Drivers/STM32F4xx_HAL_Driver/Src/stm32f4xx_hal_rcc.o
 .debug_frame   0x000000000000155c      0x92c ./Drivers/STM32F4xx_HAL_Driver/Src/stm32f4xx_hal_uart.o
 .debug_frame   0x0000000000001e88      0x7c0 ./Drivers/STM32F4xx_HAL_Driver/Src/stm32f4xx_ll_usb.o
 .debug_frame   0x0000000000002648      0x23c ./Middlewares/ST/STM32_USB_Device_Library/Class/CDC/Src/usbd_cdc.o
 .debug_frame   0x0000000000002884      0x390 ./Middlewares/ST/STM32_USB_Device_Library/Core/Src/usbd_core.o
 .debug_frame   0x0000000000002c14      0x23c ./Middlewares/ST/STM32_USB_Device_Library/Core/Src/usbd_ctlreq.o
 .debug_frame   0x0000000000002e50      0x10c ./Middlewares/ST/STM32_USB_Device_Library/Core/Src/usbd_ioreq.o
 .debug_frame   0x0000000000002f5c       0x2c ./USB_DEVICE/App/usb_device.o
 .debug_frame   0x0000000000002f88       0xe4 ./USB_DEVICE/App/usbd_cdc_if.o
 .debug_frame   0x000000000000306c      0x160 ./USB_DEVICE/App/usbd_desc.o
 .debug_frame   0x00000000000031cc      0x47c ./USB_DEVICE/Target/usbd_conf.o
 .debug_frame   0x0000000000003648       0x2c c:/st/stm32cubeide_1.11.0/stm32cubeide/plugins/com.st.stm32cube.ide.mcu.externaltools.gnu-tools-for-stm32.10.3-2021.10.win32_1.0.100.202210260954/tools/bin/../lib/gcc/arm-none-eabi/10.3.1/../../../../arm-none-eabi/lib/thumb/v7e-m+fp/hard\libc_nano.a(lib_a-init.o)
 .debug_frame   0x0000000000003674       0x20 c:/st/stm32cubeide_1.11.0/stm32cubeide/plugins/com.st.stm32cube.ide.mcu.externaltools.gnu-tools-for-stm32.10.3-2021.10.win32_1.0.100.202210260954/tools/bin/../lib/gcc/arm-none-eabi/10.3.1/../../../../arm-none-eabi/lib/thumb/v7e-m+fp/hard\libc_nano.a(lib_a-memset.o)
 .debug_frame   0x0000000000003694       0x20 c:/st/stm32cubeide_1.11.0/stm32cubeide/plugins/com.st.stm32cube.ide.mcu.externaltools.gnu-tools-for-stm32.10.3-2021.10.win32_1.0.100.202210260954/tools/bin/../lib/gcc/arm-none-eabi/10.3.1/../../../../arm-none-eabi/lib/thumb/v7e-m+fp/hard\libc_nano.a(lib_a-strcmp.o)
 .debug_frame   0x00000000000036b4       0x2c c:/st/stm32cubeide_1.11.0/stm32cubeide/plugins/com.st.stm32cube.ide.mcu.externaltools.gnu-tools-for-stm32.10.3-2021.10.win32_1.0.100.202210260954/tools/bin/../lib/gcc/arm-none-eabi/10.3.1/thumb/v7e-m+fp/hard\libgcc.a(_aeabi_uldivmod.o)
 .debug_frame   0x00000000000036e0       0x34 c:/st/stm32cubeide_1.11.0/stm32cubeide/plugins/com.st.stm32cube.ide.mcu.externaltools.gnu-tools-for-stm32.10.3-2021.10.win32_1.0.100.202210260954/tools/bin/../lib/gcc/arm-none-eabi/10.3.1/thumb/v7e-m+fp/hard\libgcc.a(_udivmoddi4.o)
