../Drivers/STM32F4xx_HAL_Driver/Inc/stm32f4xx_ll_usart.h:1792:26:LL_USART_IsActiveFlag_RXNE	16	static
../Drivers/STM32F4xx_HAL_Driver/Inc/stm32f4xx_ll_usart.h:1814:26:LL_USART_IsActiveFlag_TXE	16	static
../Drivers/STM32F4xx_HAL_Driver/Inc/stm32f4xx_ll_usart.h:2403:25:LL_USART_ReceiveData8	16	static
../Drivers/STM32F4xx_HAL_Driver/Inc/stm32f4xx_ll_usart.h:2426:22:LL_USART_TransmitData8	16	static
../Core/Src/main.c:75:6:USART1_PutChar	16	static
../Core/Src/main.c:82:6:USART1_PutString	16	static
../Core/Src/main.c:90:10:USART1_GetChar	8	static
../Core/Src/main.c:103:5:main	8	static
../Core/Src/main.c:195:6:SystemClock_Config	88	static
../Core/Src/main.c:241:13:MX_USART1_UART_Init	8	static
../Core/Src/main.c:274:13:MX_GPIO_Init	48	static
../Core/Src/main.c:304:6:Error_Handler	4	static,ignoring_inline_asm
